-------------------S--------------------
-------------------E--------------------
Viewport headless smoke test completed
