make : The system cannot find the path specified.
At line:1 char:1
+ make test 2>&1 | tee artifacts/test.log
+ ~~~~~~~~~~~~~~
    + CategoryInfo          : NotSpecified: (The system cann 
   ...path specified.:String) [], RemoteException
    + FullyQualifiedErrorId : NativeCommandError
 
The system cannot find the path specified.
GLFW detected: building with GLFW support
The system cannot find the path specified.
The system cannot find the path specified.
g++ -std=c++17 -Wall -Wextra -D_USE_MATH_DEFINES -Ilib/glad/include -Iactors -I./engine -IC:/msys64/mingw64/include -DUSE_GLFW -IC:/msys64/mingw64/include/freetype2 -DUSE_FREETYPE -c engine/ai/BehaviorTree.cpp -o engine/ai/BehaviorTree.o
In file included from ./engine/ecs/Components.h:15,
                 from engine/ai/BehaviorTree.h:4,
                 from engine/ai/BehaviorTree.cpp:1:
./engine/ecs/../CameraSystem.h: In member function 'void 
Camera::WorldToScreen(double, double, double, int, int, 
int&, int&) const':
./engine/ecs/../CameraSystem.h:83:53: warning: unused 
parameter 'wz' [-Wunused-parameter]
   83 |     void WorldToScreen(double wx, double wy, double 
wz, int screenW, int screenH, int &outX, int &outY) const {
      |                                              
~~~~~~~^~
./engine/ecs/../CameraSystem.h: In member function 'void 
Camera::ApplyToOpenGL() const':
./engine/ecs/../CameraSystem.h:99:16: warning: unused 
variable 'targetX' [-Wunused-variable]
   99 |         double targetX = x_ + cosYaw * cosPitch;
      |                ^~~~~~~
./engine/ecs/../CameraSystem.h:100:16: warning: unused 
variable 'targetY' [-Wunused-variable]
  100 |         double targetY = y_ + sinPitch;
      |                ^~~~~~~
./engine/ecs/../CameraSystem.h:101:16: warning: unused 
variable 'targetZ' [-Wunused-variable]
  101 |         double targetZ = z_ + sinYaw * cosPitch;
      |                ^~~~~~~
./engine/ecs/../CameraSystem.h: In member function 'void 
CameraFollowController::ApplyFreeCameraMovement(Camera&, 
const CameraFollow::CameraFollowInput&, const 
CameraMovementInput&, const 
CameraFollow::CameraFollowConfig&, double)':
./engine/ecs/../CameraSystem.h:525:18: warning: unused 
variable 'yaw' [-Wunused-variable]
  525 |     const double yaw   = camera.yaw();
      |                  ^~~
./engine/ecs/../CameraSystem.h:526:18: warning: unused 
variable 'pitch' [-Wunused-variable]
  526 |     const double pitch = camera.pitch();
      |                  ^~~~~
./engine/ecs/../CameraSystem.h:530:18: warning: unused 
variable 'fwdY' [-Wunused-variable]
  530 |     const double fwdY = basis.forwardY;
      |                  ^~~~
./engine/ecs/../CameraSystem.h:533:18: warning: unused 
variable 'rightY' [-Wunused-variable]
  533 |     const double rightY = basis.rightY;
      |                  ^~~~~~
./engine/ecs/../CameraSystem.h: In function 'void 
UpdateTargetLockCamera(Camera&, 
CameraFollow::CameraFollowState&, const 
CameraFollow::CameraFollowConfig&, const 
CameraFollow::CameraFollowInput&, double, 
physics::IPhysicsEngine*)':
./engine/ecs/../CameraSystem.h:1180:30: warning: unused 
variable 'oldNx' [-Wunused-variable]
 1180 |                 const double oldNx = nx, oldNy = ny, 
oldNz = nz;
      |                              ^~~~~
./engine/ecs/../CameraSystem.h:1180:42: warning: unused 
variable 'oldNy' [-Wunused-variable]
 1180 |                 const double oldNx = nx, oldNy = ny, 
oldNz = nz;
      |                                          ^~~~~
./engine/ecs/../CameraSystem.h:1180:54: warning: unused 
variable 'oldNz' [-Wunused-variable]
 1180 |                 const double oldNx = nx, oldNy = ny, 
oldNz = nz;
      |                                                      
^~~~~
./engine/ecs/../CameraSystem.h:1242:19: warning: variable 
'lastNx' set but not used [-Wunused-but-set-variable]
 1242 |     static double lastNx = 0.0, lastNy = 0.0, lastNz 
= 0.0;
      |                   ^~~~~~
./engine/ecs/../CameraSystem.h:1242:33: warning: variable 
'lastNy' set but not used [-Wunused-but-set-variable]
 1242 |     static double lastNx = 0.0, lastNy = 0.0, lastNz 
= 0.0;
      |                                 ^~~~~~
./engine/ecs/../CameraSystem.h:1242:47: warning: variable 
'lastNz' set but not used [-Wunused-but-set-variable]
 1242 |     static double lastNx = 0.0, lastNy = 0.0, lastNz 
= 0.0;
      |                                               ^~~~~~
engine/ai/BehaviorTree.cpp: In member function 'virtual 
ai::BehaviorStatus ai::ManeuverNode::Tick(Entity, 
EntityManager&, DeterministicRandom&)':
engine/ai/BehaviorTree.cpp:34:101: warning: unused parameter 
'random' [-Wunused-parameter]
   34 | BehaviorStatus ManeuverNode::Tick(Entity entity, 
EntityManager& entityManager, DeterministicRandom& random) {
      |                                                      
                          ~~~~~~~~~~~~~~~~~~~~~^~~~~~
g++ -std=c++17 -Wall -Wextra -D_USE_MATH_DEFINES -Ilib/glad/include -Iactors -I./engine -IC:/msys64/mingw64/include -DUSE_GLFW -IC:/msys64/mingw64/include/freetype2 -DUSE_FREETYPE -c engine/navigation/NavigationGridBuilder.cpp -o engine/navigation/NavigationGridBuilder.o
In file included from ./engine/ecs/Components.h:15,
                 from 
engine/navigation/NavigationGridBuilder.h:3,
                 from 
engine/navigation/NavigationGridBuilder.cpp:1:
./engine/ecs/../CameraSystem.h: In member function 'void 
Camera::WorldToScreen(double, double, double, int, int, 
int&, int&) const':
./engine/ecs/../CameraSystem.h:83:53: warning: unused 
parameter 'wz' [-Wunused-parameter]
   83 |     void WorldToScreen(double wx, double wy, double 
wz, int screenW, int screenH, int &outX, int &outY) const {
      |                                              
~~~~~~~^~
./engine/ecs/../CameraSystem.h: In member function 'void 
Camera::ApplyToOpenGL() const':
./engine/ecs/../CameraSystem.h:99:16: warning: unused 
variable 'targetX' [-Wunused-variable]
   99 |         double targetX = x_ + cosYaw * cosPitch;
      |                ^~~~~~~
./engine/ecs/../CameraSystem.h:100:16: warning: unused 
variable 'targetY' [-Wunused-variable]
  100 |         double targetY = y_ + sinPitch;
      |                ^~~~~~~
./engine/ecs/../CameraSystem.h:101:16: warning: unused 
variable 'targetZ' [-Wunused-variable]
  101 |         double targetZ = z_ + sinYaw * cosPitch;
      |                ^~~~~~~
./engine/ecs/../CameraSystem.h: In member function 'void 
CameraFollowController::ApplyFreeCameraMovement(Camera&, 
const CameraFollow::CameraFollowInput&, const 
CameraMovementInput&, const 
CameraFollow::CameraFollowConfig&, double)':
./engine/ecs/../CameraSystem.h:525:18: warning: unused 
variable 'yaw' [-Wunused-variable]
  525 |     const double yaw   = camera.yaw();
      |                  ^~~
./engine/ecs/../CameraSystem.h:526:18: warning: unused 
variable 'pitch' [-Wunused-variable]
  526 |     const double pitch = camera.pitch();
      |                  ^~~~~
./engine/ecs/../CameraSystem.h:530:18: warning: unused 
variable 'fwdY' [-Wunused-variable]
  530 |     const double fwdY = basis.forwardY;
      |                  ^~~~
./engine/ecs/../CameraSystem.h:533:18: warning: unused 
variable 'rightY' [-Wunused-variable]
  533 |     const double rightY = basis.rightY;
      |                  ^~~~~~
./engine/ecs/../CameraSystem.h: In function 'void 
UpdateTargetLockCamera(Camera&, 
CameraFollow::CameraFollowState&, const 
CameraFollow::CameraFollowConfig&, const 
CameraFollow::CameraFollowInput&, double, 
physics::IPhysicsEngine*)':
./engine/ecs/../CameraSystem.h:1180:30: warning: unused 
variable 'oldNx' [-Wunused-variable]
 1180 |                 const double oldNx = nx, oldNy = ny, 
oldNz = nz;
      |                              ^~~~~
./engine/ecs/../CameraSystem.h:1180:42: warning: unused 
variable 'oldNy' [-Wunused-variable]
 1180 |                 const double oldNx = nx, oldNy = ny, 
oldNz = nz;
      |                                          ^~~~~
./engine/ecs/../CameraSystem.h:1180:54: warning: unused 
variable 'oldNz' [-Wunused-variable]
 1180 |                 const double oldNx = nx, oldNy = ny, 
oldNz = nz;
      |                                                      
^~~~~
./engine/ecs/../CameraSystem.h:1242:19: warning: variable 
'lastNx' set but not used [-Wunused-but-set-variable]
 1242 |     static double lastNx = 0.0, lastNy = 0.0, lastNz 
= 0.0;
      |                   ^~~~~~
./engine/ecs/../CameraSystem.h:1242:33: warning: variable 
'lastNy' set but not used [-Wunused-but-set-variable]
 1242 |     static double lastNx = 0.0, lastNy = 0.0, lastNz 
= 0.0;
      |                                 ^~~~~~
./engine/ecs/../CameraSystem.h:1242:47: warning: variable 
'lastNz' set but not used [-Wunused-but-set-variable]
 1242 |     static double lastNx = 0.0, lastNy = 0.0, lastNz 
= 0.0;
      |                                               ^~~~~~
g++ -std=c++17 -Wall -Wextra -D_USE_MATH_DEFINES -Ilib/glad/include -Iactors -I./engine -IC:/msys64/mingw64/include -DUSE_GLFW -IC:/msys64/mingw64/include/freetype2 -DUSE_FREETYPE -c engine/gameplay/GameplayEventSystem.cpp -o engine/gameplay/GameplayEventSystem.o
In file included from ./engine/ecs/Components.h:15,
                 from ./engine/ecs/EntityManager.h:17,
                 from ./engine/ecs/SystemSchedulerV2.h:2,
                 from ./engine/ecs/System.h:13,
                 from 
engine/gameplay/GameplayEventSystem.h:3,
                 from 
engine/gameplay/GameplayEventSystem.cpp:1:
./engine/ecs/../CameraSystem.h: In member function 'void 
Camera::WorldToScreen(double, double, double, int, int, 
int&, int&) const':
./engine/ecs/../CameraSystem.h:83:53: warning: unused 
parameter 'wz' [-Wunused-parameter]
   83 |     void WorldToScreen(double wx, double wy, double 
wz, int screenW, int screenH, int &outX, int &outY) const {
      |                                              
~~~~~~~^~
./engine/ecs/../CameraSystem.h: In member function 'void 
Camera::ApplyToOpenGL() const':
./engine/ecs/../CameraSystem.h:99:16: warning: unused 
variable 'targetX' [-Wunused-variable]
   99 |         double targetX = x_ + cosYaw * cosPitch;
      |                ^~~~~~~
./engine/ecs/../CameraSystem.h:100:16: warning: unused 
variable 'targetY' [-Wunused-variable]
  100 |         double targetY = y_ + sinPitch;
      |                ^~~~~~~
./engine/ecs/../CameraSystem.h:101:16: warning: unused 
variable 'targetZ' [-Wunused-variable]
  101 |         double targetZ = z_ + sinYaw * cosPitch;
      |                ^~~~~~~
./engine/ecs/../CameraSystem.h: In member function 'void 
CameraFollowController::ApplyFreeCameraMovement(Camera&, 
const CameraFollow::CameraFollowInput&, const 
CameraMovementInput&, const 
CameraFollow::CameraFollowConfig&, double)':
./engine/ecs/../CameraSystem.h:525:18: warning: unused 
variable 'yaw' [-Wunused-variable]
  525 |     const double yaw   = camera.yaw();
      |                  ^~~
./engine/ecs/../CameraSystem.h:526:18: warning: unused 
variable 'pitch' [-Wunused-variable]
  526 |     const double pitch = camera.pitch();
      |                  ^~~~~
./engine/ecs/../CameraSystem.h:530:18: warning: unused 
variable 'fwdY' [-Wunused-variable]
  530 |     const double fwdY = basis.forwardY;
      |                  ^~~~
./engine/ecs/../CameraSystem.h:533:18: warning: unused 
variable 'rightY' [-Wunused-variable]
  533 |     const double rightY = basis.rightY;
      |                  ^~~~~~
./engine/ecs/../CameraSystem.h: In function 'void 
UpdateTargetLockCamera(Camera&, 
CameraFollow::CameraFollowState&, const 
CameraFollow::CameraFollowConfig&, const 
CameraFollow::CameraFollowInput&, double, 
physics::IPhysicsEngine*)':
./engine/ecs/../CameraSystem.h:1180:30: warning: unused 
variable 'oldNx' [-Wunused-variable]
 1180 |                 const double oldNx = nx, oldNy = ny, 
oldNz = nz;
      |                              ^~~~~
./engine/ecs/../CameraSystem.h:1180:42: warning: unused 
variable 'oldNy' [-Wunused-variable]
 1180 |                 const double oldNx = nx, oldNy = ny, 
oldNz = nz;
      |                                          ^~~~~
./engine/ecs/../CameraSystem.h:1180:54: warning: unused 
variable 'oldNz' [-Wunused-variable]
 1180 |                 const double oldNx = nx, oldNy = ny, 
oldNz = nz;
      |                                                      
^~~~~
./engine/ecs/../CameraSystem.h:1242:19: warning: variable 
'lastNx' set but not used [-Wunused-but-set-variable]
 1242 |     static double lastNx = 0.0, lastNy = 0.0, lastNz 
= 0.0;
      |                   ^~~~~~
./engine/ecs/../CameraSystem.h:1242:33: warning: variable 
'lastNy' set but not used [-Wunused-but-set-variable]
 1242 |     static double lastNx = 0.0, lastNy = 0.0, lastNz 
= 0.0;
      |                                 ^~~~~~
./engine/ecs/../CameraSystem.h:1242:47: warning: variable 
'lastNz' set but not used [-Wunused-but-set-variable]
 1242 |     static double lastNx = 0.0, lastNy = 0.0, lastNz 
= 0.0;
      |                                               ^~~~~~
g++ -std=c++17 -Wall -Wextra -D_USE_MATH_DEFINES -Ilib/glad/include -Iactors -I./engine -IC:/msys64/mingw64/include -DUSE_GLFW -IC:/msys64/mingw64/include/freetype2 -DUSE_FREETYPE -c engine/gameplay/MissionScriptSystem.cpp -o engine/gameplay/MissionScriptSystem.o
In file included from ./engine/ecs/Components.h:15,
                 from ./engine/ecs/EntityManager.h:17,
                 from ./engine/ecs/SystemSchedulerV2.h:2,
                 from ./engine/ecs/System.h:13,
                 from 
engine/gameplay/MissionScriptSystem.h:3,
                 from 
engine/gameplay/MissionScriptSystem.cpp:1:
./engine/ecs/../CameraSystem.h: In member function 'void 
Camera::WorldToScreen(double, double, double, int, int, 
int&, int&) const':
./engine/ecs/../CameraSystem.h:83:53: warning: unused 
parameter 'wz' [-Wunused-parameter]
   83 |     void WorldToScreen(double wx, double wy, double 
wz, int screenW, int screenH, int &outX, int &outY) const {
      |                                              
~~~~~~~^~
./engine/ecs/../CameraSystem.h: In member function 'void 
Camera::ApplyToOpenGL() const':
./engine/ecs/../CameraSystem.h:99:16: warning: unused 
variable 'targetX' [-Wunused-variable]
   99 |         double targetX = x_ + cosYaw * cosPitch;
      |                ^~~~~~~
./engine/ecs/../CameraSystem.h:100:16: warning: unused 
variable 'targetY' [-Wunused-variable]
  100 |         double targetY = y_ + sinPitch;
      |                ^~~~~~~
./engine/ecs/../CameraSystem.h:101:16: warning: unused 
variable 'targetZ' [-Wunused-variable]
  101 |         double targetZ = z_ + sinYaw * cosPitch;
      |                ^~~~~~~
./engine/ecs/../CameraSystem.h: In member function 'void 
CameraFollowController::ApplyFreeCameraMovement(Camera&, 
const CameraFollow::CameraFollowInput&, const 
CameraMovementInput&, const 
CameraFollow::CameraFollowConfig&, double)':
./engine/ecs/../CameraSystem.h:525:18: warning: unused 
variable 'yaw' [-Wunused-variable]
  525 |     const double yaw   = camera.yaw();
      |                  ^~~
./engine/ecs/../CameraSystem.h:526:18: warning: unused 
variable 'pitch' [-Wunused-variable]
  526 |     const double pitch = camera.pitch();
      |                  ^~~~~
./engine/ecs/../CameraSystem.h:530:18: warning: unused 
variable 'fwdY' [-Wunused-variable]
  530 |     const double fwdY = basis.forwardY;
      |                  ^~~~
./engine/ecs/../CameraSystem.h:533:18: warning: unused 
variable 'rightY' [-Wunused-variable]
  533 |     const double rightY = basis.rightY;
      |                  ^~~~~~
./engine/ecs/../CameraSystem.h: In function 'void 
UpdateTargetLockCamera(Camera&, 
CameraFollow::CameraFollowState&, const 
CameraFollow::CameraFollowConfig&, const 
CameraFollow::CameraFollowInput&, double, 
physics::IPhysicsEngine*)':
./engine/ecs/../CameraSystem.h:1180:30: warning: unused 
variable 'oldNx' [-Wunused-variable]
 1180 |                 const double oldNx = nx, oldNy = ny, 
oldNz = nz;
      |                              ^~~~~
./engine/ecs/../CameraSystem.h:1180:42: warning: unused 
variable 'oldNy' [-Wunused-variable]
 1180 |                 const double oldNx = nx, oldNy = ny, 
oldNz = nz;
      |                                          ^~~~~
./engine/ecs/../CameraSystem.h:1180:54: warning: unused 
variable 'oldNz' [-Wunused-variable]
 1180 |                 const double oldNx = nx, oldNy = ny, 
oldNz = nz;
      |                                                      
^~~~~
./engine/ecs/../CameraSystem.h:1242:19: warning: variable 
'lastNx' set but not used [-Wunused-but-set-variable]
 1242 |     static double lastNx = 0.0, lastNy = 0.0, lastNz 
= 0.0;
      |                   ^~~~~~
./engine/ecs/../CameraSystem.h:1242:33: warning: variable 
'lastNy' set but not used [-Wunused-but-set-variable]
 1242 |     static double lastNx = 0.0, lastNy = 0.0, lastNz 
= 0.0;
      |                                 ^~~~~~
./engine/ecs/../CameraSystem.h:1242:47: warning: variable 
'lastNz' set but not used [-Wunused-but-set-variable]
 1242 |     static double lastNx = 0.0, lastNy = 0.0, lastNz 
= 0.0;
      |                                               ^~~~~~
g++ -std=c++17 -Wall -Wextra -D_USE_MATH_DEFINES -Ilib/glad/include -Iactors -I./engine -IC:/msys64/mingw64/include -DUSE_GLFW -IC:/msys64/mingw64/include/freetype2 -DUSE_FREETYPE -c engine/graphics/InstancedMeshRenderer.cpp -o engine/graphics/InstancedMeshRenderer.o
In file included from 
engine/graphics/InstancedMeshRenderer.cpp:1:
engine/graphics/InstancedMeshRenderer.h:1:9: warning: 
'_USE_MATH_DEFINES' redefined
    1 | #define _USE_MATH_DEFINES
      |         ^~~~~~~~~~~~~~~~~
<command-line>: note: this is the location of the previous 
definition
g++ -std=c++17 -Wall -Wextra -D_USE_MATH_DEFINES -Ilib/glad/include -Iactors -I./engine -IC:/msys64/mingw64/include -DUSE_GLFW -IC:/msys64/mingw64/include/freetype2 -DUSE_FREETYPE -c engine/graphics/LineBatcher3D.cpp -o engine/graphics/LineBatcher3D.o
g++ -std=c++17 -Wall -Wextra -D_USE_MATH_DEFINES -Ilib/glad/include -Iactors -I./engine -IC:/msys64/mingw64/include -DUSE_GLFW -IC:/msys64/mingw64/include/freetype2 -DUSE_FREETYPE -c engine/graphics/Material.cpp -o engine/graphics/Material.o
In file included from engine/graphics/Material.cpp:1:
engine/graphics/Material.h:1:9: warning: '_USE_MATH_DEFINES' 
redefined
    1 | #define _USE_MATH_DEFINES
      |         ^~~~~~~~~~~~~~~~~
<command-line>: note: this is the location of the previous 
definition
engine/graphics/Material.cpp: In member function 'bool 
Nova::Material::LoadTexture(Nova::TextureSlot&)':
engine/graphics/Material.cpp:64:41: warning: unused 
parameter 'slot' [-Wunused-parameter]
   64 | bool Material::LoadTexture(TextureSlot& slot) {
      |                            ~~~~~~~~~~~~~^~~~
g++ -std=c++17 -Wall -Wextra -D_USE_MATH_DEFINES -Ilib/glad/include -Iactors -I./engine -IC:/msys64/mingw64/include -DUSE_GLFW -IC:/msys64/mingw64/include/freetype2 -DUSE_FREETYPE -c engine/graphics/MaterialLibrary.cpp -o engine/graphics/MaterialLibrary.o
In file included from engine/graphics/MaterialLibrary.h:7,
                 from engine/graphics/MaterialLibrary.cpp:1:
engine/graphics/Material.h:1:9: warning: '_USE_MATH_DEFINES' 
redefined
    1 | #define _USE_MATH_DEFINES
      |         ^~~~~~~~~~~~~~~~~
<command-line>: note: this is the location of the previous 
definition
g++ -std=c++17 -Wall -Wextra -D_USE_MATH_DEFINES -Ilib/glad/include -Iactors -I./engine -IC:/msys64/mingw64/include -DUSE_GLFW -IC:/msys64/mingw64/include/freetype2 -DUSE_FREETYPE -c engine/graphics/MeshSubmission.cpp -o engine/graphics/MeshSubmission.o
g++ -std=c++17 -Wall -Wextra -D_USE_MATH_DEFINES -Ilib/glad/include -Iactors -I./engine -IC:/msys64/mingw64/include -DUSE_GLFW -IC:/msys64/mingw64/include/freetype2 -DUSE_FREETYPE -c engine/graphics/ParticleRenderer.cpp -o engine/graphics/ParticleRenderer.o
In file included from engine/graphics/ParticleRenderer.cpp:3:
engine/graphics/../CameraSystem.h: In member function 'void 
Camera::WorldToScreen(double, double, double, int, int, 
int&, int&) const':
engine/graphics/../CameraSystem.h:83:53: warning: unused 
parameter 'wz' [-Wunused-parameter]
   83 |     void WorldToScreen(double wx, double wy, double 
wz, int screenW, int screenH, int &outX, int &outY) const {
      |                                              
~~~~~~~^~
engine/graphics/../CameraSystem.h: In member function 'void 
Camera::ApplyToOpenGL() const':
engine/graphics/../CameraSystem.h:99:16: warning: unused 
variable 'targetX' [-Wunused-variable]
   99 |         double targetX = x_ + cosYaw * cosPitch;
      |                ^~~~~~~
engine/graphics/../CameraSystem.h:100:16: warning: unused 
variable 'targetY' [-Wunused-variable]
  100 |         double targetY = y_ + sinPitch;
      |                ^~~~~~~
engine/graphics/../CameraSystem.h:101:16: warning: unused 
variable 'targetZ' [-Wunused-variable]
  101 |         double targetZ = z_ + sinYaw * cosPitch;
      |                ^~~~~~~
engine/graphics/../CameraSystem.h: In member function 'void 
CameraFollowController::ApplyFreeCameraMovement(Camera&, 
const CameraFollow::CameraFollowInput&, const 
CameraMovementInput&, const 
CameraFollow::CameraFollowConfig&, double)':
engine/graphics/../CameraSystem.h:525:18: warning: unused 
variable 'yaw' [-Wunused-variable]
  525 |     const double yaw   = camera.yaw();
      |                  ^~~
engine/graphics/../CameraSystem.h:526:18: warning: unused 
variable 'pitch' [-Wunused-variable]
  526 |     const double pitch = camera.pitch();
      |                  ^~~~~
engine/graphics/../CameraSystem.h:530:18: warning: unused 
variable 'fwdY' [-Wunused-variable]
  530 |     const double fwdY = basis.forwardY;
      |                  ^~~~
engine/graphics/../CameraSystem.h:533:18: warning: unused 
variable 'rightY' [-Wunused-variable]
  533 |     const double rightY = basis.rightY;
      |                  ^~~~~~
engine/graphics/../CameraSystem.h: In function 'void 
UpdateTargetLockCamera(Camera&, 
CameraFollow::CameraFollowState&, const 
CameraFollow::CameraFollowConfig&, const 
CameraFollow::CameraFollowInput&, double, 
physics::IPhysicsEngine*)':
engine/graphics/../CameraSystem.h:1180:30: warning: unused 
variable 'oldNx' [-Wunused-variable]
 1180 |                 const double oldNx = nx, oldNy = ny, 
oldNz = nz;
      |                              ^~~~~
engine/graphics/../CameraSystem.h:1180:42: warning: unused 
variable 'oldNy' [-Wunused-variable]
 1180 |                 const double oldNx = nx, oldNy = ny, 
oldNz = nz;
      |                                          ^~~~~
engine/graphics/../CameraSystem.h:1180:54: warning: unused 
variable 'oldNz' [-Wunused-variable]
 1180 |                 const double oldNx = nx, oldNy = ny, 
oldNz = nz;
      |                                                      
^~~~~
engine/graphics/../CameraSystem.h:1242:19: warning: variable 
'lastNx' set but not used [-Wunused-but-set-variable]
 1242 |     static double lastNx = 0.0, lastNy = 0.0, lastNz 
= 0.0;
      |                   ^~~~~~
engine/graphics/../CameraSystem.h:1242:33: warning: variable 
'lastNy' set but not used [-Wunused-but-set-variable]
 1242 |     static double lastNx = 0.0, lastNy = 0.0, lastNz 
= 0.0;
      |                                 ^~~~~~
engine/graphics/../CameraSystem.h:1242:47: warning: variable 
'lastNz' set but not used [-Wunused-but-set-variable]
 1242 |     static double lastNx = 0.0, lastNy = 0.0, lastNz 
= 0.0;
      |                                               ^~~~~~
g++ -std=c++17 -Wall -Wextra -D_USE_MATH_DEFINES -Ilib/glad/include -Iactors -I./engine -IC:/msys64/mingw64/include -DUSE_GLFW -IC:/msys64/mingw64/include/freetype2 -DUSE_FREETYPE -c engine/graphics/PrimitiveMesh.cpp -o engine/graphics/PrimitiveMesh.o
g++ -std=c++17 -Wall -Wextra -D_USE_MATH_DEFINES -Ilib/glad/include -Iactors -I./engine -IC:/msys64/mingw64/include -DUSE_GLFW -IC:/msys64/mingw64/include/freetype2 -DUSE_FREETYPE -c engine/graphics/ShaderManager.cpp -o engine/graphics/ShaderManager.o
g++ -std=c++17 -Wall -Wextra -D_USE_MATH_DEFINES -Ilib/glad/include -Iactors -I./engine -IC:/msys64/mingw64/include -DUSE_GLFW -IC:/msys64/mingw64/include/freetype2 -DUSE_FREETYPE -c engine/graphics/ShaderProgram.cpp -o engine/graphics/ShaderProgram.o
g++ -std=c++17 -Wall -Wextra -D_USE_MATH_DEFINES -Ilib/glad/include -Iactors -I./engine -IC:/msys64/mingw64/include -DUSE_GLFW -IC:/msys64/mingw64/include/freetype2 -DUSE_FREETYPE -c engine/graphics/Skybox.cpp -o engine/graphics/Skybox.o
g++ -std=c++17 -Wall -Wextra -D_USE_MATH_DEFINES -Ilib/glad/include -Iactors -I./engine -IC:/msys64/mingw64/include -DUSE_GLFW -IC:/msys64/mingw64/include/freetype2 -DUSE_FREETYPE -c engine/graphics/SpriteMetadataBuffer.cpp -o engine/graphics/SpriteMetadataBuffer.o
g++ -std=c++17 -Wall -Wextra -D_USE_MATH_DEFINES -Ilib/glad/include -Iactors -I./engine -IC:/msys64/mingw64/include -DUSE_GLFW -IC:/msys64/mingw64/include/freetype2 -DUSE_FREETYPE -c engine/graphics/UIBatcher.cpp -o engine/graphics/UIBatcher.o
gcc -Wall -Wextra -Ilib/glad/include -Iactors -I./engine -c lib/glad/src/glad.c -o lib/glad/src/glad.o
g++ -std=c++17 -Wall -Wextra -D_USE_MATH_DEFINES -Ilib/glad/include -Iactors -I./engine -IC:/msys64/mingw64/include -DUSE_GLFW -IC:/msys64/mingw64/include/freetype2 -DUSE_FREETYPE -I./engine -o tests/test_simulation tests/test_simulation.cpp engine/ActorRegistry.o engine/AudioFeedbackSystem.o engine/AudioSystem.o engine/BootstrapConfiguration.o engine/CelestialBody.o engine/ComponentJsonLoader.o engine/DeterministicRandom.o engine/EnergyManagementSystem.o engine/EngineBootstrap.o engine/EngineStateMachine.o engine/FramePacingController.o engine/FrameScheduler.o engine/GamepadManager.o engine/HUDAlertSystem.o engine/Input.o engine/MainLoop.o engine/MainMenu.o engine/MenuSystem.o engine/Mesh.o engine/PostProcessPipeline.o engine/ReplaySystem.o engine/ResourceManager.o engine/SVGSurfaceLoader.o engine/SceneManager.o engine/SimpleJson.o engine/Simulation.o engine/SolarSystem.o engine/SolarSystemGenerator.o engine/TargetingSystem.o engine/TextRenderer.o engine/Transform.o engine/Utility.o engine/Viewport3D.o engine/VisualFeedbackSystem.o actors/Player.o actors/Spaceship.o actors/SpaceshipSpawn.o engine/ecs/AnimationSystem.o engine/ecs/ArchetypeManager.o engine/ecs/BehaviorTreeSystem.o engine/ecs/ECSInspector.o engine/ecs/EntityManager.o engine/ecs/LocomotionSystem.o engine/ecs/MovementSystem.o engine/ecs/NavigationSystem.o engine/ecs/PhysicsSystem.o engine/ecs/PlayerControlSystem.o engine/ecs/ShieldSystem.o engine/ecs/ShipAssembly.o engine/ecs/ShipLogisticsSystem.o engine/ecs/SpaceshipPhysicsSystem.o engine/ecs/System.o engine/ecs/TransitionPlan.o engine/ecs/WeaponSystem.o engine/physics/BulletPhysicsEngine.o engine/physics/PhysXPhysicsEngine.o engine/physics/PhysicsEngine.o engine/ai/BehaviorTree.o engine/navigation/NavigationGridBuilder.o engine/gameplay/GameplayEventSystem.o engine/gameplay/MissionScriptSystem.o engine/graphics/InstancedMeshRenderer.o engine/graphics/LineBatcher3D.o engine/graphics/Material.o engine/graphics/MaterialLibrary.o engine/graphics/MeshSubmission.o engine/graphics/ParticleRenderer.o engine/graphics/PrimitiveMesh.o engine/graphics/ShaderManager.o engine/graphics/ShaderProgram.o engine/graphics/Skybox.o engine/graphics/SpriteMetadataBuffer.o engine/graphics/UIBatcher.o lib/glad/src/glad.o -LC:/msys64/mingw64/lib -lglfw3 -lopengl32 -lglu32 -lfreeglut -LC:/msys64/mingw64/lib -lfreetype
In file included from ./engine/ecs/Components.h:15,
                 from ./engine/ecs/EntityManager.h:17,
                 from ./engine/ReplaySystem.h:4,
                 from ./engine/Simulation.h:5,
                 from tests/test_simulation.cpp:1:
./engine/ecs/../CameraSystem.h: In member function 'void 
Camera::WorldToScreen(double, double, double, int, int, 
int&, int&) const':
./engine/ecs/../CameraSystem.h:83:53: warning: unused 
parameter 'wz' [-Wunused-parameter]
   83 |     void WorldToScreen(double wx, double wy, double 
wz, int screenW, int screenH, int &outX, int &outY) const {
      |                                              
~~~~~~~^~
./engine/ecs/../CameraSystem.h: In member function 'void 
Camera::ApplyToOpenGL() const':
./engine/ecs/../CameraSystem.h:99:16: warning: unused 
variable 'targetX' [-Wunused-variable]
   99 |         double targetX = x_ + cosYaw * cosPitch;
      |                ^~~~~~~
./engine/ecs/../CameraSystem.h:100:16: warning: unused 
variable 'targetY' [-Wunused-variable]
  100 |         double targetY = y_ + sinPitch;
      |                ^~~~~~~
./engine/ecs/../CameraSystem.h:101:16: warning: unused 
variable 'targetZ' [-Wunused-variable]
  101 |         double targetZ = z_ + sinYaw * cosPitch;
      |                ^~~~~~~
./engine/ecs/../CameraSystem.h: In member function 'void 
CameraFollowController::ApplyFreeCameraMovement(Camera&, 
const CameraFollow::CameraFollowInput&, const 
CameraMovementInput&, const 
CameraFollow::CameraFollowConfig&, double)':
./engine/ecs/../CameraSystem.h:525:18: warning: unused 
variable 'yaw' [-Wunused-variable]
  525 |     const double yaw   = camera.yaw();
      |                  ^~~
./engine/ecs/../CameraSystem.h:526:18: warning: unused 
variable 'pitch' [-Wunused-variable]
  526 |     const double pitch = camera.pitch();
      |                  ^~~~~
./engine/ecs/../CameraSystem.h:530:18: warning: unused 
variable 'fwdY' [-Wunused-variable]
  530 |     const double fwdY = basis.forwardY;
      |                  ^~~~
./engine/ecs/../CameraSystem.h:533:18: warning: unused 
variable 'rightY' [-Wunused-variable]
  533 |     const double rightY = basis.rightY;
      |                  ^~~~~~
./engine/ecs/../CameraSystem.h: In function 'void 
UpdateTargetLockCamera(Camera&, 
CameraFollow::CameraFollowState&, const 
CameraFollow::CameraFollowConfig&, const 
CameraFollow::CameraFollowInput&, double, 
physics::IPhysicsEngine*)':
./engine/ecs/../CameraSystem.h:1180:30: warning: unused 
variable 'oldNx' [-Wunused-variable]
 1180 |                 const double oldNx = nx, oldNy = ny, 
oldNz = nz;
      |                              ^~~~~
./engine/ecs/../CameraSystem.h:1180:42: warning: unused 
variable 'oldNy' [-Wunused-variable]
 1180 |                 const double oldNx = nx, oldNy = ny, 
oldNz = nz;
      |                                          ^~~~~
./engine/ecs/../CameraSystem.h:1180:54: warning: unused 
variable 'oldNz' [-Wunused-variable]
 1180 |                 const double oldNx = nx, oldNy = ny, 
oldNz = nz;
      |                                                      
^~~~~
./engine/ecs/../CameraSystem.h:1242:19: warning: variable 
'lastNx' set but not used [-Wunused-but-set-variable]
 1242 |     static double lastNx = 0.0, lastNy = 0.0, lastNz 
= 0.0;
      |                   ^~~~~~
./engine/ecs/../CameraSystem.h:1242:33: warning: variable 
'lastNy' set but not used [-Wunused-but-set-variable]
 1242 |     static double lastNx = 0.0, lastNy = 0.0, lastNz 
= 0.0;
      |                                 ^~~~~~
./engine/ecs/../CameraSystem.h:1242:47: warning: variable 
'lastNz' set but not used [-Wunused-but-set-variable]
 1242 |     static double lastNx = 0.0, lastNy = 0.0, lastNz 
= 0.0;
      |                                               ^~~~~~
g++ -std=c++17 -Wall -Wextra -D_USE_MATH_DEFINES -Ilib/glad/include -Iactors -I./engine -IC:/msys64/mingw64/include -DUSE_GLFW -IC:/msys64/mingw64/include/freetype2 -DUSE_FREETYPE -I./engine -o tests/test_camera_comprehensive tests/test_camera_comprehensive.cpp engine/ActorRegistry.o engine/AudioFeedbackSystem.o engine/AudioSystem.o engine/BootstrapConfiguration.o engine/CelestialBody.o engine/ComponentJsonLoader.o engine/DeterministicRandom.o engine/EnergyManagementSystem.o engine/EngineBootstrap.o engine/EngineStateMachine.o engine/FramePacingController.o engine/FrameScheduler.o engine/GamepadManager.o engine/HUDAlertSystem.o engine/Input.o engine/MainLoop.o engine/MainMenu.o engine/MenuSystem.o engine/Mesh.o engine/PostProcessPipeline.o engine/ReplaySystem.o engine/ResourceManager.o engine/SVGSurfaceLoader.o engine/SceneManager.o engine/SimpleJson.o engine/Simulation.o engine/SolarSystem.o engine/SolarSystemGenerator.o engine/TargetingSystem.o engine/TextRenderer.o engine/Transform.o engine/Utility.o engine/Viewport3D.o engine/VisualFeedbackSystem.o actors/Player.o actors/Spaceship.o actors/SpaceshipSpawn.o engine/ecs/AnimationSystem.o engine/ecs/ArchetypeManager.o engine/ecs/BehaviorTreeSystem.o engine/ecs/ECSInspector.o engine/ecs/EntityManager.o engine/ecs/LocomotionSystem.o engine/ecs/MovementSystem.o engine/ecs/NavigationSystem.o engine/ecs/PhysicsSystem.o engine/ecs/PlayerControlSystem.o engine/ecs/ShieldSystem.o engine/ecs/ShipAssembly.o engine/ecs/ShipLogisticsSystem.o engine/ecs/SpaceshipPhysicsSystem.o engine/ecs/System.o engine/ecs/TransitionPlan.o engine/ecs/WeaponSystem.o engine/physics/BulletPhysicsEngine.o engine/physics/PhysXPhysicsEngine.o engine/physics/PhysicsEngine.o engine/ai/BehaviorTree.o engine/navigation/NavigationGridBuilder.o engine/gameplay/GameplayEventSystem.o engine/gameplay/MissionScriptSystem.o engine/graphics/InstancedMeshRenderer.o engine/graphics/LineBatcher3D.o engine/graphics/Material.o engine/graphics/MaterialLibrary.o engine/graphics/MeshSubmission.o engine/graphics/ParticleRenderer.o engine/graphics/PrimitiveMesh.o engine/graphics/ShaderManager.o engine/graphics/ShaderProgram.o engine/graphics/Skybox.o engine/graphics/SpriteMetadataBuffer.o engine/graphics/UIBatcher.o lib/glad/src/glad.o -LC:/msys64/mingw64/lib -lglfw3 -lopengl32 -lglu32 -lfreeglut -LC:/msys64/mingw64/lib -lfreetype
In file included from tests/test_camera_comprehensive.cpp:5:
tests/../engine/CameraSystem.h: In member function 'void 
Camera::WorldToScreen(double, double, double, int, int, 
int&, int&) const':
tests/../engine/CameraSystem.h:83:53: warning: unused 
parameter 'wz' [-Wunused-parameter]
   83 |     void WorldToScreen(double wx, double wy, double 
wz, int screenW, int screenH, int &outX, int &outY) const {
      |                                              
~~~~~~~^~
tests/../engine/CameraSystem.h: In member function 'void 
Camera::ApplyToOpenGL() const':
tests/../engine/CameraSystem.h:99:16: warning: unused 
variable 'targetX' [-Wunused-variable]
   99 |         double targetX = x_ + cosYaw * cosPitch;
      |                ^~~~~~~
tests/../engine/CameraSystem.h:100:16: warning: unused 
variable 'targetY' [-Wunused-variable]
  100 |         double targetY = y_ + sinPitch;
      |                ^~~~~~~
tests/../engine/CameraSystem.h:101:16: warning: unused 
variable 'targetZ' [-Wunused-variable]
  101 |         double targetZ = z_ + sinYaw * cosPitch;
      |                ^~~~~~~
tests/../engine/CameraSystem.h: In member function 'void 
CameraFollowController::ApplyFreeCameraMovement(Camera&, 
const CameraFollow::CameraFollowInput&, const 
CameraMovementInput&, const 
CameraFollow::CameraFollowConfig&, double)':
tests/../engine/CameraSystem.h:525:18: warning: unused 
variable 'yaw' [-Wunused-variable]
  525 |     const double yaw   = camera.yaw();
      |                  ^~~
tests/../engine/CameraSystem.h:526:18: warning: unused 
variable 'pitch' [-Wunused-variable]
  526 |     const double pitch = camera.pitch();
      |                  ^~~~~
tests/../engine/CameraSystem.h:530:18: warning: unused 
variable 'fwdY' [-Wunused-variable]
  530 |     const double fwdY = basis.forwardY;
      |                  ^~~~
tests/../engine/CameraSystem.h:533:18: warning: unused 
variable 'rightY' [-Wunused-variable]
  533 |     const double rightY = basis.rightY;
      |                  ^~~~~~
tests/../engine/CameraSystem.h: In function 'void 
UpdateTargetLockCamera(Camera&, 
CameraFollow::CameraFollowState&, const 
CameraFollow::CameraFollowConfig&, const 
CameraFollow::CameraFollowInput&, double, 
physics::IPhysicsEngine*)':
tests/../engine/CameraSystem.h:1180:30: warning: unused 
variable 'oldNx' [-Wunused-variable]
 1180 |                 const double oldNx = nx, oldNy = ny, 
oldNz = nz;
      |                              ^~~~~
tests/../engine/CameraSystem.h:1180:42: warning: unused 
variable 'oldNy' [-Wunused-variable]
 1180 |                 const double oldNx = nx, oldNy = ny, 
oldNz = nz;
      |                                          ^~~~~
tests/../engine/CameraSystem.h:1180:54: warning: unused 
variable 'oldNz' [-Wunused-variable]
 1180 |                 const double oldNx = nx, oldNy = ny, 
oldNz = nz;
      |                                                      
^~~~~
tests/../engine/CameraSystem.h:1242:19: warning: variable 
'lastNx' set but not used [-Wunused-but-set-variable]
 1242 |     static double lastNx = 0.0, lastNy = 0.0, lastNz 
= 0.0;
      |                   ^~~~~~
tests/../engine/CameraSystem.h:1242:33: warning: variable 
'lastNy' set but not used [-Wunused-but-set-variable]
 1242 |     static double lastNx = 0.0, lastNy = 0.0, lastNz 
= 0.0;
      |                                 ^~~~~~
tests/../engine/CameraSystem.h:1242:47: warning: variable 
'lastNz' set but not used [-Wunused-but-set-variable]
 1242 |     static double lastNx = 0.0, lastNy = 0.0, lastNz 
= 0.0;
      |                                               ^~~~~~
tests/test_camera_comprehensive.cpp: At global scope:
tests/test_camera_comprehensive.cpp:49:6: warning: 'bool 
{anonymous}::isOrthonormal(const Camera::Basis&)' defined 
but not used [-Wunused-function]
   49 | bool isOrthonormal(const Camera::Basis& basis) {
      |      ^~~~~~~~~~~~~
g++ -std=c++17 -Wall -Wextra -D_USE_MATH_DEFINES -Ilib/glad/include -Iactors -I./engine -IC:/msys64/mingw64/include -DUSE_GLFW -IC:/msys64/mingw64/include/freetype2 -DUSE_FREETYPE -I./engine -o tests/test_ship_assembly tests/test_ship_assembly.cpp engine/ActorRegistry.o engine/AudioFeedbackSystem.o engine/AudioSystem.o engine/BootstrapConfiguration.o engine/CelestialBody.o engine/ComponentJsonLoader.o engine/DeterministicRandom.o engine/EnergyManagementSystem.o engine/EngineBootstrap.o engine/EngineStateMachine.o engine/FramePacingController.o engine/FrameScheduler.o engine/GamepadManager.o engine/HUDAlertSystem.o engine/Input.o engine/MainLoop.o engine/MainMenu.o engine/MenuSystem.o engine/Mesh.o engine/PostProcessPipeline.o engine/ReplaySystem.o engine/ResourceManager.o engine/SVGSurfaceLoader.o engine/SceneManager.o engine/SimpleJson.o engine/Simulation.o engine/SolarSystem.o engine/SolarSystemGenerator.o engine/TargetingSystem.o engine/TextRenderer.o engine/Transform.o engine/Utility.o engine/Viewport3D.o engine/VisualFeedbackSystem.o actors/Player.o actors/Spaceship.o actors/SpaceshipSpawn.o engine/ecs/AnimationSystem.o engine/ecs/ArchetypeManager.o engine/ecs/BehaviorTreeSystem.o engine/ecs/ECSInspector.o engine/ecs/EntityManager.o engine/ecs/LocomotionSystem.o engine/ecs/MovementSystem.o engine/ecs/NavigationSystem.o engine/ecs/PhysicsSystem.o engine/ecs/PlayerControlSystem.o engine/ecs/ShieldSystem.o engine/ecs/ShipAssembly.o engine/ecs/ShipLogisticsSystem.o engine/ecs/SpaceshipPhysicsSystem.o engine/ecs/System.o engine/ecs/TransitionPlan.o engine/ecs/WeaponSystem.o engine/physics/BulletPhysicsEngine.o engine/physics/PhysXPhysicsEngine.o engine/physics/PhysicsEngine.o engine/ai/BehaviorTree.o engine/navigation/NavigationGridBuilder.o engine/gameplay/GameplayEventSystem.o engine/gameplay/MissionScriptSystem.o engine/graphics/InstancedMeshRenderer.o engine/graphics/LineBatcher3D.o engine/graphics/Material.o engine/graphics/MaterialLibrary.o engine/graphics/MeshSubmission.o engine/graphics/ParticleRenderer.o engine/graphics/PrimitiveMesh.o engine/graphics/ShaderManager.o engine/graphics/ShaderProgram.o engine/graphics/Skybox.o engine/graphics/SpriteMetadataBuffer.o engine/graphics/UIBatcher.o lib/glad/src/glad.o -LC:/msys64/mingw64/lib -lglfw3 -lopengl32 -lglu32 -lfreeglut -LC:/msys64/mingw64/lib -lfreetype
g++ -std=c++17 -Wall -Wextra -D_USE_MATH_DEFINES -Ilib/glad/include -Iactors -I./engine -IC:/msys64/mingw64/include -DUSE_GLFW -IC:/msys64/mingw64/include/freetype2 -DUSE_FREETYPE -I./engine -o tests/test_shield_energy tests/test_shield_energy.cpp engine/ActorRegistry.o engine/AudioFeedbackSystem.o engine/AudioSystem.o engine/BootstrapConfiguration.o engine/CelestialBody.o engine/ComponentJsonLoader.o engine/DeterministicRandom.o engine/EnergyManagementSystem.o engine/EngineBootstrap.o engine/EngineStateMachine.o engine/FramePacingController.o engine/FrameScheduler.o engine/GamepadManager.o engine/HUDAlertSystem.o engine/Input.o engine/MainLoop.o engine/MainMenu.o engine/MenuSystem.o engine/Mesh.o engine/PostProcessPipeline.o engine/ReplaySystem.o engine/ResourceManager.o engine/SVGSurfaceLoader.o engine/SceneManager.o engine/SimpleJson.o engine/Simulation.o engine/SolarSystem.o engine/SolarSystemGenerator.o engine/TargetingSystem.o engine/TextRenderer.o engine/Transform.o engine/Utility.o engine/Viewport3D.o engine/VisualFeedbackSystem.o actors/Player.o actors/Spaceship.o actors/SpaceshipSpawn.o engine/ecs/AnimationSystem.o engine/ecs/ArchetypeManager.o engine/ecs/BehaviorTreeSystem.o engine/ecs/ECSInspector.o engine/ecs/EntityManager.o engine/ecs/LocomotionSystem.o engine/ecs/MovementSystem.o engine/ecs/NavigationSystem.o engine/ecs/PhysicsSystem.o engine/ecs/PlayerControlSystem.o engine/ecs/ShieldSystem.o engine/ecs/ShipAssembly.o engine/ecs/ShipLogisticsSystem.o engine/ecs/SpaceshipPhysicsSystem.o engine/ecs/System.o engine/ecs/TransitionPlan.o engine/ecs/WeaponSystem.o engine/physics/BulletPhysicsEngine.o engine/physics/PhysXPhysicsEngine.o engine/physics/PhysicsEngine.o engine/ai/BehaviorTree.o engine/navigation/NavigationGridBuilder.o engine/gameplay/GameplayEventSystem.o engine/gameplay/MissionScriptSystem.o engine/graphics/InstancedMeshRenderer.o engine/graphics/LineBatcher3D.o engine/graphics/Material.o engine/graphics/MaterialLibrary.o engine/graphics/MeshSubmission.o engine/graphics/ParticleRenderer.o engine/graphics/PrimitiveMesh.o engine/graphics/ShaderManager.o engine/graphics/ShaderProgram.o engine/graphics/Skybox.o engine/graphics/SpriteMetadataBuffer.o engine/graphics/UIBatcher.o lib/glad/src/glad.o -LC:/msys64/mingw64/lib -lglfw3 -lopengl32 -lglu32 -lfreeglut -LC:/msys64/mingw64/lib -lfreetype
In file included from ./engine/ecs/Components.h:15,
                 from ./engine/ecs/EntityManager.h:17,
                 from ./engine/ecs/SystemSchedulerV2.h:2,
                 from ./engine/ecs/System.h:13,
                 from ./engine/ecs/ShieldSystem.h:3,
                 from tests/test_shield_energy.cpp:1:
./engine/ecs/../CameraSystem.h: In member function 'void 
Camera::WorldToScreen(double, double, double, int, int, 
int&, int&) const':
./engine/ecs/../CameraSystem.h:83:53: warning: unused 
parameter 'wz' [-Wunused-parameter]
   83 |     void WorldToScreen(double wx, double wy, double 
wz, int screenW, int screenH, int &outX, int &outY) const {
      |                                              
~~~~~~~^~
./engine/ecs/../CameraSystem.h: In member function 'void 
Camera::ApplyToOpenGL() const':
./engine/ecs/../CameraSystem.h:99:16: warning: unused 
variable 'targetX' [-Wunused-variable]
   99 |         double targetX = x_ + cosYaw * cosPitch;
      |                ^~~~~~~
./engine/ecs/../CameraSystem.h:100:16: warning: unused 
variable 'targetY' [-Wunused-variable]
  100 |         double targetY = y_ + sinPitch;
      |                ^~~~~~~
./engine/ecs/../CameraSystem.h:101:16: warning: unused 
variable 'targetZ' [-Wunused-variable]
  101 |         double targetZ = z_ + sinYaw * cosPitch;
      |                ^~~~~~~
./engine/ecs/../CameraSystem.h: In member function 'void 
CameraFollowController::ApplyFreeCameraMovement(Camera&, 
const CameraFollow::CameraFollowInput&, const 
CameraMovementInput&, const 
CameraFollow::CameraFollowConfig&, double)':
./engine/ecs/../CameraSystem.h:525:18: warning: unused 
variable 'yaw' [-Wunused-variable]
  525 |     const double yaw   = camera.yaw();
      |                  ^~~
./engine/ecs/../CameraSystem.h:526:18: warning: unused 
variable 'pitch' [-Wunused-variable]
  526 |     const double pitch = camera.pitch();
      |                  ^~~~~
./engine/ecs/../CameraSystem.h:530:18: warning: unused 
variable 'fwdY' [-Wunused-variable]
  530 |     const double fwdY = basis.forwardY;
      |                  ^~~~
./engine/ecs/../CameraSystem.h:533:18: warning: unused 
variable 'rightY' [-Wunused-variable]
  533 |     const double rightY = basis.rightY;
      |                  ^~~~~~
./engine/ecs/../CameraSystem.h: In function 'void 
UpdateTargetLockCamera(Camera&, 
CameraFollow::CameraFollowState&, const 
CameraFollow::CameraFollowConfig&, const 
CameraFollow::CameraFollowInput&, double, 
physics::IPhysicsEngine*)':
./engine/ecs/../CameraSystem.h:1180:30: warning: unused 
variable 'oldNx' [-Wunused-variable]
 1180 |                 const double oldNx = nx, oldNy = ny, 
oldNz = nz;
      |                              ^~~~~
./engine/ecs/../CameraSystem.h:1180:42: warning: unused 
variable 'oldNy' [-Wunused-variable]
 1180 |                 const double oldNx = nx, oldNy = ny, 
oldNz = nz;
      |                                          ^~~~~
./engine/ecs/../CameraSystem.h:1180:54: warning: unused 
variable 'oldNz' [-Wunused-variable]
 1180 |                 const double oldNx = nx, oldNy = ny, 
oldNz = nz;
      |                                                      
^~~~~
./engine/ecs/../CameraSystem.h:1242:19: warning: variable 
'lastNx' set but not used [-Wunused-but-set-variable]
 1242 |     static double lastNx = 0.0, lastNy = 0.0, lastNz 
= 0.0;
      |                   ^~~~~~
./engine/ecs/../CameraSystem.h:1242:33: warning: variable 
'lastNy' set but not used [-Wunused-but-set-variable]
 1242 |     static double lastNx = 0.0, lastNy = 0.0, lastNz 
= 0.0;
      |                                 ^~~~~~
./engine/ecs/../CameraSystem.h:1242:47: warning: variable 
'lastNz' set but not used [-Wunused-but-set-variable]
 1242 |     static double lastNx = 0.0, lastNy = 0.0, lastNz 
= 0.0;
      |                                               ^~~~~~
g++ -std=c++17 -Wall -Wextra -D_USE_MATH_DEFINES -Ilib/glad/include -Iactors -I./engine -IC:/msys64/mingw64/include -DUSE_GLFW -IC:/msys64/mingw64/include/freetype2 -DUSE_FREETYPE -I./engine -o tests/test_feedback_systems tests/test_feedback_systems.cpp engine/ActorRegistry.o engine/AudioFeedbackSystem.o engine/AudioSystem.o engine/BootstrapConfiguration.o engine/CelestialBody.o engine/ComponentJsonLoader.o engine/DeterministicRandom.o engine/EnergyManagementSystem.o engine/EngineBootstrap.o engine/EngineStateMachine.o engine/FramePacingController.o engine/FrameScheduler.o engine/GamepadManager.o engine/HUDAlertSystem.o engine/Input.o engine/MainLoop.o engine/MainMenu.o engine/MenuSystem.o engine/Mesh.o engine/PostProcessPipeline.o engine/ReplaySystem.o engine/ResourceManager.o engine/SVGSurfaceLoader.o engine/SceneManager.o engine/SimpleJson.o engine/Simulation.o engine/SolarSystem.o engine/SolarSystemGenerator.o engine/TargetingSystem.o engine/TextRenderer.o engine/Transform.o engine/Utility.o engine/Viewport3D.o engine/VisualFeedbackSystem.o actors/Player.o actors/Spaceship.o actors/SpaceshipSpawn.o engine/ecs/AnimationSystem.o engine/ecs/ArchetypeManager.o engine/ecs/BehaviorTreeSystem.o engine/ecs/ECSInspector.o engine/ecs/EntityManager.o engine/ecs/LocomotionSystem.o engine/ecs/MovementSystem.o engine/ecs/NavigationSystem.o engine/ecs/PhysicsSystem.o engine/ecs/PlayerControlSystem.o engine/ecs/ShieldSystem.o engine/ecs/ShipAssembly.o engine/ecs/ShipLogisticsSystem.o engine/ecs/SpaceshipPhysicsSystem.o engine/ecs/System.o engine/ecs/TransitionPlan.o engine/ecs/WeaponSystem.o engine/physics/BulletPhysicsEngine.o engine/physics/PhysXPhysicsEngine.o engine/physics/PhysicsEngine.o engine/ai/BehaviorTree.o engine/navigation/NavigationGridBuilder.o engine/gameplay/GameplayEventSystem.o engine/gameplay/MissionScriptSystem.o engine/graphics/InstancedMeshRenderer.o engine/graphics/LineBatcher3D.o engine/graphics/Material.o engine/graphics/MaterialLibrary.o engine/graphics/MeshSubmission.o engine/graphics/ParticleRenderer.o engine/graphics/PrimitiveMesh.o engine/graphics/ShaderManager.o engine/graphics/ShaderProgram.o engine/graphics/Skybox.o engine/graphics/SpriteMetadataBuffer.o engine/graphics/UIBatcher.o lib/glad/src/glad.o -LC:/msys64/mingw64/lib -lglfw3 -lopengl32 -lglu32 -lfreeglut -LC:/msys64/mingw64/lib -lfreetype
g++ -std=c++17 -Wall -Wextra -D_USE_MATH_DEFINES -Ilib/glad/include -Iactors -I./engine -IC:/msys64/mingw64/include -DUSE_GLFW -IC:/msys64/mingw64/include/freetype2 -DUSE_FREETYPE -I./engine -o tests/test_text_rendering tests/test_text_rendering.cpp engine/ActorRegistry.o engine/AudioFeedbackSystem.o engine/AudioSystem.o engine/BootstrapConfiguration.o engine/CelestialBody.o engine/ComponentJsonLoader.o engine/DeterministicRandom.o engine/EnergyManagementSystem.o engine/EngineBootstrap.o engine/EngineStateMachine.o engine/FramePacingController.o engine/FrameScheduler.o engine/GamepadManager.o engine/HUDAlertSystem.o engine/Input.o engine/MainLoop.o engine/MainMenu.o engine/MenuSystem.o engine/Mesh.o engine/PostProcessPipeline.o engine/ReplaySystem.o engine/ResourceManager.o engine/SVGSurfaceLoader.o engine/SceneManager.o engine/SimpleJson.o engine/Simulation.o engine/SolarSystem.o engine/SolarSystemGenerator.o engine/TargetingSystem.o engine/TextRenderer.o engine/Transform.o engine/Utility.o engine/Viewport3D.o engine/VisualFeedbackSystem.o actors/Player.o actors/Spaceship.o actors/SpaceshipSpawn.o engine/ecs/AnimationSystem.o engine/ecs/ArchetypeManager.o engine/ecs/BehaviorTreeSystem.o engine/ecs/ECSInspector.o engine/ecs/EntityManager.o engine/ecs/LocomotionSystem.o engine/ecs/MovementSystem.o engine/ecs/NavigationSystem.o engine/ecs/PhysicsSystem.o engine/ecs/PlayerControlSystem.o engine/ecs/ShieldSystem.o engine/ecs/ShipAssembly.o engine/ecs/ShipLogisticsSystem.o engine/ecs/SpaceshipPhysicsSystem.o engine/ecs/System.o engine/ecs/TransitionPlan.o engine/ecs/WeaponSystem.o engine/physics/BulletPhysicsEngine.o engine/physics/PhysXPhysicsEngine.o engine/physics/PhysicsEngine.o engine/ai/BehaviorTree.o engine/navigation/NavigationGridBuilder.o engine/gameplay/GameplayEventSystem.o engine/gameplay/MissionScriptSystem.o engine/graphics/InstancedMeshRenderer.o engine/graphics/LineBatcher3D.o engine/graphics/Material.o engine/graphics/MaterialLibrary.o engine/graphics/MeshSubmission.o engine/graphics/ParticleRenderer.o engine/graphics/PrimitiveMesh.o engine/graphics/ShaderManager.o engine/graphics/ShaderProgram.o engine/graphics/Skybox.o engine/graphics/SpriteMetadataBuffer.o engine/graphics/UIBatcher.o lib/glad/src/glad.o -LC:/msys64/mingw64/lib -lglfw3 -lopengl32 -lglu32 -lfreeglut -LC:/msys64/mingw64/lib -lfreetype
g++ -std=c++17 -Wall -Wextra -D_USE_MATH_DEFINES -Ilib/glad/include -Iactors -I./engine -IC:/msys64/mingw64/include -DUSE_GLFW -IC:/msys64/mingw64/include/freetype2 -DUSE_FREETYPE -I./engine -o tests/test_ecs_v2 tests/test_ecs_v2.cpp engine/ActorRegistry.o engine/AudioFeedbackSystem.o engine/AudioSystem.o engine/BootstrapConfiguration.o engine/CelestialBody.o engine/ComponentJsonLoader.o engine/DeterministicRandom.o engine/EnergyManagementSystem.o engine/EngineBootstrap.o engine/EngineStateMachine.o engine/FramePacingController.o engine/FrameScheduler.o engine/GamepadManager.o engine/HUDAlertSystem.o engine/Input.o engine/MainLoop.o engine/MainMenu.o engine/MenuSystem.o engine/Mesh.o engine/PostProcessPipeline.o engine/ReplaySystem.o engine/ResourceManager.o engine/SVGSurfaceLoader.o engine/SceneManager.o engine/SimpleJson.o engine/Simulation.o engine/SolarSystem.o engine/SolarSystemGenerator.o engine/TargetingSystem.o engine/TextRenderer.o engine/Transform.o engine/Utility.o engine/Viewport3D.o engine/VisualFeedbackSystem.o actors/Player.o actors/Spaceship.o actors/SpaceshipSpawn.o engine/ecs/AnimationSystem.o engine/ecs/ArchetypeManager.o engine/ecs/BehaviorTreeSystem.o engine/ecs/ECSInspector.o engine/ecs/EntityManager.o engine/ecs/LocomotionSystem.o engine/ecs/MovementSystem.o engine/ecs/NavigationSystem.o engine/ecs/PhysicsSystem.o engine/ecs/PlayerControlSystem.o engine/ecs/ShieldSystem.o engine/ecs/ShipAssembly.o engine/ecs/ShipLogisticsSystem.o engine/ecs/SpaceshipPhysicsSystem.o engine/ecs/System.o engine/ecs/TransitionPlan.o engine/ecs/WeaponSystem.o engine/physics/BulletPhysicsEngine.o engine/physics/PhysXPhysicsEngine.o engine/physics/PhysicsEngine.o engine/ai/BehaviorTree.o engine/navigation/NavigationGridBuilder.o engine/gameplay/GameplayEventSystem.o engine/gameplay/MissionScriptSystem.o engine/graphics/InstancedMeshRenderer.o engine/graphics/LineBatcher3D.o engine/graphics/Material.o engine/graphics/MaterialLibrary.o engine/graphics/MeshSubmission.o engine/graphics/ParticleRenderer.o engine/graphics/PrimitiveMesh.o engine/graphics/ShaderManager.o engine/graphics/ShaderProgram.o engine/graphics/Skybox.o engine/graphics/SpriteMetadataBuffer.o engine/graphics/UIBatcher.o lib/glad/src/glad.o -LC:/msys64/mingw64/lib -lglfw3 -lopengl32 -lglu32 -lfreeglut -LC:/msys64/mingw64/lib -lfreetype
In file included from ./engine/ecs/Components.h:15,
                 from ./engine/ecs/EntityManager.h:17,
                 from tests/test_ecs_v2.cpp:1:
./engine/ecs/../CameraSystem.h: In member function 'void 
Camera::WorldToScreen(double, double, double, int, int, 
int&, int&) const':
./engine/ecs/../CameraSystem.h:83:53: warning: unused 
parameter 'wz' [-Wunused-parameter]
   83 |     void WorldToScreen(double wx, double wy, double 
wz, int screenW, int screenH, int &outX, int &outY) const {
      |                                              
~~~~~~~^~
./engine/ecs/../CameraSystem.h: In member function 'void 
Camera::ApplyToOpenGL() const':
./engine/ecs/../CameraSystem.h:99:16: warning: unused 
variable 'targetX' [-Wunused-variable]
   99 |         double targetX = x_ + cosYaw * cosPitch;
      |                ^~~~~~~
./engine/ecs/../CameraSystem.h:100:16: warning: unused 
variable 'targetY' [-Wunused-variable]
  100 |         double targetY = y_ + sinPitch;
      |                ^~~~~~~
./engine/ecs/../CameraSystem.h:101:16: warning: unused 
variable 'targetZ' [-Wunused-variable]
  101 |         double targetZ = z_ + sinYaw * cosPitch;
      |                ^~~~~~~
./engine/ecs/../CameraSystem.h: In member function 'void 
CameraFollowController::ApplyFreeCameraMovement(Camera&, 
const CameraFollow::CameraFollowInput&, const 
CameraMovementInput&, const 
CameraFollow::CameraFollowConfig&, double)':
./engine/ecs/../CameraSystem.h:525:18: warning: unused 
variable 'yaw' [-Wunused-variable]
  525 |     const double yaw   = camera.yaw();
      |                  ^~~
./engine/ecs/../CameraSystem.h:526:18: warning: unused 
variable 'pitch' [-Wunused-variable]
  526 |     const double pitch = camera.pitch();
      |                  ^~~~~
./engine/ecs/../CameraSystem.h:530:18: warning: unused 
variable 'fwdY' [-Wunused-variable]
  530 |     const double fwdY = basis.forwardY;
      |                  ^~~~
./engine/ecs/../CameraSystem.h:533:18: warning: unused 
variable 'rightY' [-Wunused-variable]
  533 |     const double rightY = basis.rightY;
      |                  ^~~~~~
./engine/ecs/../CameraSystem.h: In function 'void 
UpdateTargetLockCamera(Camera&, 
CameraFollow::CameraFollowState&, const 
CameraFollow::CameraFollowConfig&, const 
CameraFollow::CameraFollowInput&, double, 
physics::IPhysicsEngine*)':
./engine/ecs/../CameraSystem.h:1180:30: warning: unused 
variable 'oldNx' [-Wunused-variable]
 1180 |                 const double oldNx = nx, oldNy = ny, 
oldNz = nz;
      |                              ^~~~~
./engine/ecs/../CameraSystem.h:1180:42: warning: unused 
variable 'oldNy' [-Wunused-variable]
 1180 |                 const double oldNx = nx, oldNy = ny, 
oldNz = nz;
      |                                          ^~~~~
./engine/ecs/../CameraSystem.h:1180:54: warning: unused 
variable 'oldNz' [-Wunused-variable]
 1180 |                 const double oldNx = nx, oldNy = ny, 
oldNz = nz;
      |                                                      
^~~~~
./engine/ecs/../CameraSystem.h:1242:19: warning: variable 
'lastNx' set but not used [-Wunused-but-set-variable]
 1242 |     static double lastNx = 0.0, lastNy = 0.0, lastNz 
= 0.0;
      |                   ^~~~~~
./engine/ecs/../CameraSystem.h:1242:33: warning: variable 
'lastNy' set but not used [-Wunused-but-set-variable]
 1242 |     static double lastNx = 0.0, lastNy = 0.0, lastNz 
= 0.0;
      |                                 ^~~~~~
./engine/ecs/../CameraSystem.h:1242:47: warning: variable 
'lastNz' set but not used [-Wunused-but-set-variable]
 1242 |     static double lastNx = 0.0, lastNy = 0.0, lastNz 
= 0.0;
      |                                               ^~~~~~
tests/test_ecs_v2.cpp: In lambda function:
tests/test_ecs_v2.cpp:22:66: warning: unused parameter 
'entity' [-Wunused-parameter]
   22 |         em.ForEach<Position, Velocity>([dt, 
&count](EntityHandle entity, Position& pos, Velocity& vel) {
      |                                                     
~~~~~~~~~~~~~^~~~~~
tests/test_ecs_v2.cpp: In lambda function:
tests/test_ecs_v2.cpp:53:70: warning: unused parameter 
'entity' [-Wunused-parameter]
   53 |         em.ForEach<Velocity, Acceleration>([dt, 
&count](EntityHandle entity, Velocity& vel, Acceleration& 
acc) {
      |                                                      
   ~~~~~~~~~~~~~^~~~~~
tests/test_ecs_v2.cpp: In lambda function:
tests/test_ecs_v2.cpp:306:58: warning: unused parameter 
'entity' [-Wunused-parameter]
  306 |     em.ForEach<Position, 
Velocity>([&count](EntityHandle entity, Position& pos, 
Velocity& vel) {
      |                                             
~~~~~~~~~~~~~^~~~~~
tests/test_ecs_v2.cpp: In lambda function:
tests/test_ecs_v2.cpp:360:16: warning: unused variable 
'expectedVel' [-Wunused-variable]
  360 |         double expectedVel = 1.0 * t;  // vx = ax * t
      |                ^~~~~~~~~~~
tests/test_ecs_v2.cpp:356:54: warning: unused parameter 
'entity' [-Wunused-parameter]
  356 |     em.ForEach<Position>([&correct, dt](EntityHandle 
entity, const Position& pos) {
      |                                         
~~~~~~~~~~~~~^~~~~~
tests/test_ecs_v2.cpp: In lambda function:
tests/test_ecs_v2.cpp:496:56: warning: unused parameter 
'entity' [-Wunused-parameter]
  496 |         em.ForEach<Position, 
Velocity>([](EntityHandle entity, Position& pos, Velocity& 
vel) {
      |                                           
~~~~~~~~~~~~~^~~~~~
g++ -std=c++17 -Wall -Wextra -D_USE_MATH_DEFINES -Ilib/glad/include -Iactors -I./engine -IC:/msys64/mingw64/include -DUSE_GLFW -IC:/msys64/mingw64/include/freetype2 -DUSE_FREETYPE -I./engine -o tests/test_physics tests/test_physics.cpp engine/ActorRegistry.o engine/AudioFeedbackSystem.o engine/AudioSystem.o engine/BootstrapConfiguration.o engine/CelestialBody.o engine/ComponentJsonLoader.o engine/DeterministicRandom.o engine/EnergyManagementSystem.o engine/EngineBootstrap.o engine/EngineStateMachine.o engine/FramePacingController.o engine/FrameScheduler.o engine/GamepadManager.o engine/HUDAlertSystem.o engine/Input.o engine/MainLoop.o engine/MainMenu.o engine/MenuSystem.o engine/Mesh.o engine/PostProcessPipeline.o engine/ReplaySystem.o engine/ResourceManager.o engine/SVGSurfaceLoader.o engine/SceneManager.o engine/SimpleJson.o engine/Simulation.o engine/SolarSystem.o engine/SolarSystemGenerator.o engine/TargetingSystem.o engine/TextRenderer.o engine/Transform.o engine/Utility.o engine/Viewport3D.o engine/VisualFeedbackSystem.o actors/Player.o actors/Spaceship.o actors/SpaceshipSpawn.o engine/ecs/AnimationSystem.o engine/ecs/ArchetypeManager.o engine/ecs/BehaviorTreeSystem.o engine/ecs/ECSInspector.o engine/ecs/EntityManager.o engine/ecs/LocomotionSystem.o engine/ecs/MovementSystem.o engine/ecs/NavigationSystem.o engine/ecs/PhysicsSystem.o engine/ecs/PlayerControlSystem.o engine/ecs/ShieldSystem.o engine/ecs/ShipAssembly.o engine/ecs/ShipLogisticsSystem.o engine/ecs/SpaceshipPhysicsSystem.o engine/ecs/System.o engine/ecs/TransitionPlan.o engine/ecs/WeaponSystem.o engine/physics/BulletPhysicsEngine.o engine/physics/PhysXPhysicsEngine.o engine/physics/PhysicsEngine.o engine/ai/BehaviorTree.o engine/navigation/NavigationGridBuilder.o engine/gameplay/GameplayEventSystem.o engine/gameplay/MissionScriptSystem.o engine/graphics/InstancedMeshRenderer.o engine/graphics/LineBatcher3D.o engine/graphics/Material.o engine/graphics/MaterialLibrary.o engine/graphics/MeshSubmission.o engine/graphics/ParticleRenderer.o engine/graphics/PrimitiveMesh.o engine/graphics/ShaderManager.o engine/graphics/ShaderProgram.o engine/graphics/Skybox.o engine/graphics/SpriteMetadataBuffer.o engine/graphics/UIBatcher.o lib/glad/src/glad.o -LC:/msys64/mingw64/lib -lglfw3 -lopengl32 -lglu32 -lfreeglut -LC:/msys64/mingw64/lib -lfreetype
In file included from ./engine/ecs/Components.h:15,
                 from ./engine/ecs/EntityManager.h:17,
                 from tests/test_physics.cpp:4:
./engine/ecs/../CameraSystem.h: In member function 'void 
Camera::WorldToScreen(double, double, double, int, int, 
int&, int&) const':
./engine/ecs/../CameraSystem.h:83:53: warning: unused 
parameter 'wz' [-Wunused-parameter]
   83 |     void WorldToScreen(double wx, double wy, double 
wz, int screenW, int screenH, int &outX, int &outY) const {
      |                                              
~~~~~~~^~
./engine/ecs/../CameraSystem.h: In member function 'void 
Camera::ApplyToOpenGL() const':
./engine/ecs/../CameraSystem.h:99:16: warning: unused 
variable 'targetX' [-Wunused-variable]
   99 |         double targetX = x_ + cosYaw * cosPitch;
      |                ^~~~~~~
./engine/ecs/../CameraSystem.h:100:16: warning: unused 
variable 'targetY' [-Wunused-variable]
  100 |         double targetY = y_ + sinPitch;
      |                ^~~~~~~
./engine/ecs/../CameraSystem.h:101:16: warning: unused 
variable 'targetZ' [-Wunused-variable]
  101 |         double targetZ = z_ + sinYaw * cosPitch;
      |                ^~~~~~~
./engine/ecs/../CameraSystem.h: In member function 'void 
CameraFollowController::ApplyFreeCameraMovement(Camera&, 
const CameraFollow::CameraFollowInput&, const 
CameraMovementInput&, const 
CameraFollow::CameraFollowConfig&, double)':
./engine/ecs/../CameraSystem.h:525:18: warning: unused 
variable 'yaw' [-Wunused-variable]
  525 |     const double yaw   = camera.yaw();
      |                  ^~~
./engine/ecs/../CameraSystem.h:526:18: warning: unused 
variable 'pitch' [-Wunused-variable]
  526 |     const double pitch = camera.pitch();
      |                  ^~~~~
./engine/ecs/../CameraSystem.h:530:18: warning: unused 
variable 'fwdY' [-Wunused-variable]
  530 |     const double fwdY = basis.forwardY;
      |                  ^~~~
./engine/ecs/../CameraSystem.h:533:18: warning: unused 
variable 'rightY' [-Wunused-variable]
  533 |     const double rightY = basis.rightY;
      |                  ^~~~~~
./engine/ecs/../CameraSystem.h: In function 'void 
UpdateTargetLockCamera(Camera&, 
CameraFollow::CameraFollowState&, const 
CameraFollow::CameraFollowConfig&, const 
CameraFollow::CameraFollowInput&, double, 
physics::IPhysicsEngine*)':
./engine/ecs/../CameraSystem.h:1180:30: warning: unused 
variable 'oldNx' [-Wunused-variable]
 1180 |                 const double oldNx = nx, oldNy = ny, 
oldNz = nz;
      |                              ^~~~~
./engine/ecs/../CameraSystem.h:1180:42: warning: unused 
variable 'oldNy' [-Wunused-variable]
 1180 |                 const double oldNx = nx, oldNy = ny, 
oldNz = nz;
      |                                          ^~~~~
./engine/ecs/../CameraSystem.h:1180:54: warning: unused 
variable 'oldNz' [-Wunused-variable]
 1180 |                 const double oldNx = nx, oldNy = ny, 
oldNz = nz;
      |                                                      
^~~~~
./engine/ecs/../CameraSystem.h:1242:19: warning: variable 
'lastNx' set but not used [-Wunused-but-set-variable]
 1242 |     static double lastNx = 0.0, lastNy = 0.0, lastNz 
= 0.0;
      |                   ^~~~~~
./engine/ecs/../CameraSystem.h:1242:33: warning: variable 
'lastNy' set but not used [-Wunused-but-set-variable]
 1242 |     static double lastNx = 0.0, lastNy = 0.0, lastNz 
= 0.0;
      |                                 ^~~~~~
./engine/ecs/../CameraSystem.h:1242:47: warning: variable 
'lastNz' set but not used [-Wunused-but-set-variable]
 1242 |     static double lastNx = 0.0, lastNy = 0.0, lastNz 
= 0.0;
      |                                               ^~~~~~
g++ -std=c++17 -Wall -Wextra -D_USE_MATH_DEFINES -Ilib/glad/include -Iactors -I./engine -IC:/msys64/mingw64/include -DUSE_GLFW -IC:/msys64/mingw64/include/freetype2 -DUSE_FREETYPE -Ilib/glad/include -I./engine -o tests/test_solar_system tests/test_solar_system.cpp engine/SolarSystem.cpp engine/CelestialBody.cpp engine/Transform.cpp engine/ecs/EntityManager.cpp engine/ecs/ArchetypeManager.cpp engine/ecs/TransitionPlan.cpp engine/Mesh.cpp tests/gl_stub.cpp -LC:/msys64/mingw64/lib -lglfw3 -lopengl32 -lglu32 -lfreeglut -LC:/msys64/mingw64/lib -lfreetype
In file included from tests/../engine/ecs/Components.h:15,
                 from tests/../engine/ecs/EntityManager.h:17,
                 from tests/../engine/SolarSystem.h:7,
                 from tests/test_solar_system.cpp:1:
tests/../engine/ecs/../CameraSystem.h: In member function 
'void Camera::WorldToScreen(double, double, double, int, 
int, int&, int&) const':
tests/../engine/ecs/../CameraSystem.h:83:53: warning: unused 
parameter 'wz' [-Wunused-parameter]
   83 |     void WorldToScreen(double wx, double wy, double 
wz, int screenW, int screenH, int &outX, int &outY) const {
      |                                              
~~~~~~~^~
tests/../engine/ecs/../CameraSystem.h: In member function 
'void Camera::ApplyToOpenGL() const':
tests/../engine/ecs/../CameraSystem.h:99:16: warning: unused 
variable 'targetX' [-Wunused-variable]
   99 |         double targetX = x_ + cosYaw * cosPitch;
      |                ^~~~~~~
tests/../engine/ecs/../CameraSystem.h:100:16: warning: 
unused variable 'targetY' [-Wunused-variable]
  100 |         double targetY = y_ + sinPitch;
      |                ^~~~~~~
tests/../engine/ecs/../CameraSystem.h:101:16: warning: 
unused variable 'targetZ' [-Wunused-variable]
  101 |         double targetZ = z_ + sinYaw * cosPitch;
      |                ^~~~~~~
tests/../engine/ecs/../CameraSystem.h: In member function 
'void 
CameraFollowController::ApplyFreeCameraMovement(Camera&, 
const CameraFollow::CameraFollowInput&, const 
CameraMovementInput&, const 
CameraFollow::CameraFollowConfig&, double)':
tests/../engine/ecs/../CameraSystem.h:525:18: warning: 
unused variable 'yaw' [-Wunused-variable]
  525 |     const double yaw   = camera.yaw();
      |                  ^~~
tests/../engine/ecs/../CameraSystem.h:526:18: warning: 
unused variable 'pitch' [-Wunused-variable]
  526 |     const double pitch = camera.pitch();
      |                  ^~~~~
tests/../engine/ecs/../CameraSystem.h:530:18: warning: 
unused variable 'fwdY' [-Wunused-variable]
  530 |     const double fwdY = basis.forwardY;
      |                  ^~~~
tests/../engine/ecs/../CameraSystem.h:533:18: warning: 
unused variable 'rightY' [-Wunused-variable]
  533 |     const double rightY = basis.rightY;
      |                  ^~~~~~
tests/../engine/ecs/../CameraSystem.h: In function 'void 
UpdateTargetLockCamera(Camera&, 
CameraFollow::CameraFollowState&, const 
CameraFollow::CameraFollowConfig&, const 
CameraFollow::CameraFollowInput&, double, 
physics::IPhysicsEngine*)':
tests/../engine/ecs/../CameraSystem.h:1180:30: warning: 
unused variable 'oldNx' [-Wunused-variable]
 1180 |                 const double oldNx = nx, oldNy = ny, 
oldNz = nz;
      |                              ^~~~~
tests/../engine/ecs/../CameraSystem.h:1180:42: warning: 
unused variable 'oldNy' [-Wunused-variable]
 1180 |                 const double oldNx = nx, oldNy = ny, 
oldNz = nz;
      |                                          ^~~~~
tests/../engine/ecs/../CameraSystem.h:1180:54: warning: 
unused variable 'oldNz' [-Wunused-variable]
 1180 |                 const double oldNx = nx, oldNy = ny, 
oldNz = nz;
      |                                                      
^~~~~
tests/../engine/ecs/../CameraSystem.h:1242:19: warning: 
variable 'lastNx' set but not used 
[-Wunused-but-set-variable]
 1242 |     static double lastNx = 0.0, lastNy = 0.0, lastNz 
= 0.0;
      |                   ^~~~~~
tests/../engine/ecs/../CameraSystem.h:1242:33: warning: 
variable 'lastNy' set but not used 
[-Wunused-but-set-variable]
 1242 |     static double lastNx = 0.0, lastNy = 0.0, lastNz 
= 0.0;
      |                                 ^~~~~~
tests/../engine/ecs/../CameraSystem.h:1242:47: warning: 
variable 'lastNz' set but not used 
[-Wunused-but-set-variable]
 1242 |     static double lastNx = 0.0, lastNy = 0.0, lastNz 
= 0.0;
      |                                               ^~~~~~
engine/SolarSystem.cpp:3:9: warning: '_USE_MATH_DEFINES' 
redefined
    3 | #define _USE_MATH_DEFINES
      |         ^~~~~~~~~~~~~~~~~
<command-line>: note: this is the location of the previous 
definition
In file included from engine/ecs/Components.h:15,
                 from engine/ecs/EntityManager.h:17,
                 from engine/SolarSystem.h:7,
                 from engine/SolarSystem.cpp:1:
engine/ecs/../CameraSystem.h: In member function 'void 
Camera::WorldToScreen(double, double, double, int, int, 
int&, int&) const':
engine/ecs/../CameraSystem.h:83:53: warning: unused 
parameter 'wz' [-Wunused-parameter]
   83 |     void WorldToScreen(double wx, double wy, double 
wz, int screenW, int screenH, int &outX, int &outY) const {
      |                                              
~~~~~~~^~
engine/ecs/../CameraSystem.h: In member function 'void 
Camera::ApplyToOpenGL() const':
engine/ecs/../CameraSystem.h:99:16: warning: unused variable 
'targetX' [-Wunused-variable]
   99 |         double targetX = x_ + cosYaw * cosPitch;
      |                ^~~~~~~
engine/ecs/../CameraSystem.h:100:16: warning: unused 
variable 'targetY' [-Wunused-variable]
  100 |         double targetY = y_ + sinPitch;
      |                ^~~~~~~
engine/ecs/../CameraSystem.h:101:16: warning: unused 
variable 'targetZ' [-Wunused-variable]
  101 |         double targetZ = z_ + sinYaw * cosPitch;
      |                ^~~~~~~
engine/ecs/../CameraSystem.h: In member function 'void 
CameraFollowController::ApplyFreeCameraMovement(Camera&, 
const CameraFollow::CameraFollowInput&, const 
CameraMovementInput&, const 
CameraFollow::CameraFollowConfig&, double)':
engine/ecs/../CameraSystem.h:525:18: warning: unused 
variable 'yaw' [-Wunused-variable]
  525 |     const double yaw   = camera.yaw();
      |                  ^~~
engine/ecs/../CameraSystem.h:526:18: warning: unused 
variable 'pitch' [-Wunused-variable]
  526 |     const double pitch = camera.pitch();
      |                  ^~~~~
engine/ecs/../CameraSystem.h:530:18: warning: unused 
variable 'fwdY' [-Wunused-variable]
  530 |     const double fwdY = basis.forwardY;
      |                  ^~~~
engine/ecs/../CameraSystem.h:533:18: warning: unused 
variable 'rightY' [-Wunused-variable]
  533 |     const double rightY = basis.rightY;
      |                  ^~~~~~
engine/ecs/../CameraSystem.h: In function 'void 
UpdateTargetLockCamera(Camera&, 
CameraFollow::CameraFollowState&, const 
CameraFollow::CameraFollowConfig&, const 
CameraFollow::CameraFollowInput&, double, 
physics::IPhysicsEngine*)':
engine/ecs/../CameraSystem.h:1180:30: warning: unused 
variable 'oldNx' [-Wunused-variable]
 1180 |                 const double oldNx = nx, oldNy = ny, 
oldNz = nz;
      |                              ^~~~~
engine/ecs/../CameraSystem.h:1180:42: warning: unused 
variable 'oldNy' [-Wunused-variable]
 1180 |                 const double oldNx = nx, oldNy = ny, 
oldNz = nz;
      |                                          ^~~~~
engine/ecs/../CameraSystem.h:1180:54: warning: unused 
variable 'oldNz' [-Wunused-variable]
 1180 |                 const double oldNx = nx, oldNy = ny, 
oldNz = nz;
      |                                                      
^~~~~
engine/ecs/../CameraSystem.h:1242:19: warning: variable 
'lastNx' set but not used [-Wunused-but-set-variable]
 1242 |     static double lastNx = 0.0, lastNy = 0.0, lastNz 
= 0.0;
      |                   ^~~~~~
engine/ecs/../CameraSystem.h:1242:33: warning: variable 
'lastNy' set but not used [-Wunused-but-set-variable]
 1242 |     static double lastNx = 0.0, lastNy = 0.0, lastNz 
= 0.0;
      |                                 ^~~~~~
engine/ecs/../CameraSystem.h:1242:47: warning: variable 
'lastNz' set but not used [-Wunused-but-set-variable]
 1242 |     static double lastNx = 0.0, lastNy = 0.0, lastNz 
= 0.0;
      |                                               ^~~~~~
In file included from engine/ecs/Components.h:15,
                 from engine/ecs/EntityManager.h:17,
                 from engine/ecs/EntityManager.cpp:1:
engine/ecs/../CameraSystem.h: In member function 'void 
Camera::WorldToScreen(double, double, double, int, int, 
int&, int&) const':
engine/ecs/../CameraSystem.h:83:53: warning: unused 
parameter 'wz' [-Wunused-parameter]
   83 |     void WorldToScreen(double wx, double wy, double 
wz, int screenW, int screenH, int &outX, int &outY) const {
      |                                              
~~~~~~~^~
engine/ecs/../CameraSystem.h: In member function 'void 
Camera::ApplyToOpenGL() const':
engine/ecs/../CameraSystem.h:99:16: warning: unused variable 
'targetX' [-Wunused-variable]
   99 |         double targetX = x_ + cosYaw * cosPitch;
      |                ^~~~~~~
engine/ecs/../CameraSystem.h:100:16: warning: unused 
variable 'targetY' [-Wunused-variable]
  100 |         double targetY = y_ + sinPitch;
      |                ^~~~~~~
engine/ecs/../CameraSystem.h:101:16: warning: unused 
variable 'targetZ' [-Wunused-variable]
  101 |         double targetZ = z_ + sinYaw * cosPitch;
      |                ^~~~~~~
engine/ecs/../CameraSystem.h: In member function 'void 
CameraFollowController::ApplyFreeCameraMovement(Camera&, 
const CameraFollow::CameraFollowInput&, const 
CameraMovementInput&, const 
CameraFollow::CameraFollowConfig&, double)':
engine/ecs/../CameraSystem.h:525:18: warning: unused 
variable 'yaw' [-Wunused-variable]
  525 |     const double yaw   = camera.yaw();
      |                  ^~~
engine/ecs/../CameraSystem.h:526:18: warning: unused 
variable 'pitch' [-Wunused-variable]
  526 |     const double pitch = camera.pitch();
      |                  ^~~~~
engine/ecs/../CameraSystem.h:530:18: warning: unused 
variable 'fwdY' [-Wunused-variable]
  530 |     const double fwdY = basis.forwardY;
      |                  ^~~~
engine/ecs/../CameraSystem.h:533:18: warning: unused 
variable 'rightY' [-Wunused-variable]
  533 |     const double rightY = basis.rightY;
      |                  ^~~~~~
engine/ecs/../CameraSystem.h: In function 'void 
UpdateTargetLockCamera(Camera&, 
CameraFollow::CameraFollowState&, const 
CameraFollow::CameraFollowConfig&, const 
CameraFollow::CameraFollowInput&, double, 
physics::IPhysicsEngine*)':
engine/ecs/../CameraSystem.h:1180:30: warning: unused 
variable 'oldNx' [-Wunused-variable]
 1180 |                 const double oldNx = nx, oldNy = ny, 
oldNz = nz;
      |                              ^~~~~
engine/ecs/../CameraSystem.h:1180:42: warning: unused 
variable 'oldNy' [-Wunused-variable]
 1180 |                 const double oldNx = nx, oldNy = ny, 
oldNz = nz;
      |                                          ^~~~~
engine/ecs/../CameraSystem.h:1180:54: warning: unused 
variable 'oldNz' [-Wunused-variable]
 1180 |                 const double oldNx = nx, oldNy = ny, 
oldNz = nz;
      |                                                      
^~~~~
engine/ecs/../CameraSystem.h:1242:19: warning: variable 
'lastNx' set but not used [-Wunused-but-set-variable]
 1242 |     static double lastNx = 0.0, lastNy = 0.0, lastNz 
= 0.0;
      |                   ^~~~~~
engine/ecs/../CameraSystem.h:1242:33: warning: variable 
'lastNy' set but not used [-Wunused-but-set-variable]
 1242 |     static double lastNx = 0.0, lastNy = 0.0, lastNz 
= 0.0;
      |                                 ^~~~~~
engine/ecs/../CameraSystem.h:1242:47: warning: variable 
'lastNz' set but not used [-Wunused-but-set-variable]
 1242 |     static double lastNx = 0.0, lastNy = 0.0, lastNz 
= 0.0;
      |                                               ^~~~~~
In file included from engine/ecs/Components.h:15,
                 from engine/ecs/ArchetypeManager.cpp:2:
engine/ecs/../CameraSystem.h: In member function 'void 
Camera::WorldToScreen(double, double, double, int, int, 
int&, int&) const':
engine/ecs/../CameraSystem.h:83:53: warning: unused 
parameter 'wz' [-Wunused-parameter]
   83 |     void WorldToScreen(double wx, double wy, double 
wz, int screenW, int screenH, int &outX, int &outY) const {
      |                                              
~~~~~~~^~
engine/ecs/../CameraSystem.h: In member function 'void 
Camera::ApplyToOpenGL() const':
engine/ecs/../CameraSystem.h:99:16: warning: unused variable 
'targetX' [-Wunused-variable]
   99 |         double targetX = x_ + cosYaw * cosPitch;
      |                ^~~~~~~
engine/ecs/../CameraSystem.h:100:16: warning: unused 
variable 'targetY' [-Wunused-variable]
  100 |         double targetY = y_ + sinPitch;
      |                ^~~~~~~
engine/ecs/../CameraSystem.h:101:16: warning: unused 
variable 'targetZ' [-Wunused-variable]
  101 |         double targetZ = z_ + sinYaw * cosPitch;
      |                ^~~~~~~
engine/ecs/../CameraSystem.h: In member function 'void 
CameraFollowController::ApplyFreeCameraMovement(Camera&, 
const CameraFollow::CameraFollowInput&, const 
CameraMovementInput&, const 
CameraFollow::CameraFollowConfig&, double)':
engine/ecs/../CameraSystem.h:525:18: warning: unused 
variable 'yaw' [-Wunused-variable]
  525 |     const double yaw   = camera.yaw();
      |                  ^~~
engine/ecs/../CameraSystem.h:526:18: warning: unused 
variable 'pitch' [-Wunused-variable]
  526 |     const double pitch = camera.pitch();
      |                  ^~~~~
engine/ecs/../CameraSystem.h:530:18: warning: unused 
variable 'fwdY' [-Wunused-variable]
  530 |     const double fwdY = basis.forwardY;
      |                  ^~~~
engine/ecs/../CameraSystem.h:533:18: warning: unused 
variable 'rightY' [-Wunused-variable]
  533 |     const double rightY = basis.rightY;
      |                  ^~~~~~
engine/ecs/../CameraSystem.h: In function 'void 
UpdateTargetLockCamera(Camera&, 
CameraFollow::CameraFollowState&, const 
CameraFollow::CameraFollowConfig&, const 
CameraFollow::CameraFollowInput&, double, 
physics::IPhysicsEngine*)':
engine/ecs/../CameraSystem.h:1180:30: warning: unused 
variable 'oldNx' [-Wunused-variable]
 1180 |                 const double oldNx = nx, oldNy = ny, 
oldNz = nz;
      |                              ^~~~~
engine/ecs/../CameraSystem.h:1180:42: warning: unused 
variable 'oldNy' [-Wunused-variable]
 1180 |                 const double oldNx = nx, oldNy = ny, 
oldNz = nz;
      |                                          ^~~~~
engine/ecs/../CameraSystem.h:1180:54: warning: unused 
variable 'oldNz' [-Wunused-variable]
 1180 |                 const double oldNx = nx, oldNy = ny, 
oldNz = nz;
      |                                                      
^~~~~
engine/ecs/../CameraSystem.h:1242:19: warning: variable 
'lastNx' set but not used [-Wunused-but-set-variable]
 1242 |     static double lastNx = 0.0, lastNy = 0.0, lastNz 
= 0.0;
      |                   ^~~~~~
engine/ecs/../CameraSystem.h:1242:33: warning: variable 
'lastNy' set but not used [-Wunused-but-set-variable]
 1242 |     static double lastNx = 0.0, lastNy = 0.0, lastNz 
= 0.0;
      |                                 ^~~~~~
engine/ecs/../CameraSystem.h:1242:47: warning: variable 
'lastNz' set but not used [-Wunused-but-set-variable]
 1242 |     static double lastNx = 0.0, lastNy = 0.0, lastNz 
= 0.0;
      |                                               ^~~~~~
g++ -std=c++17 -Wall -Wextra -D_USE_MATH_DEFINES -Ilib/glad/include -Iactors -I./engine -IC:/msys64/mingw64/include -DUSE_GLFW -IC:/msys64/mingw64/include/freetype2 -DUSE_FREETYPE -I./engine -o tests/test_animation_system tests/test_animation_system.cpp engine/ActorRegistry.o engine/AudioFeedbackSystem.o engine/AudioSystem.o engine/BootstrapConfiguration.o engine/CelestialBody.o engine/ComponentJsonLoader.o engine/DeterministicRandom.o engine/EnergyManagementSystem.o engine/EngineBootstrap.o engine/EngineStateMachine.o engine/FramePacingController.o engine/FrameScheduler.o engine/GamepadManager.o engine/HUDAlertSystem.o engine/Input.o engine/MainLoop.o engine/MainMenu.o engine/MenuSystem.o engine/Mesh.o engine/PostProcessPipeline.o engine/ReplaySystem.o engine/ResourceManager.o engine/SVGSurfaceLoader.o engine/SceneManager.o engine/SimpleJson.o engine/Simulation.o engine/SolarSystem.o engine/SolarSystemGenerator.o engine/TargetingSystem.o engine/TextRenderer.o engine/Transform.o engine/Utility.o engine/Viewport3D.o engine/VisualFeedbackSystem.o actors/Player.o actors/Spaceship.o actors/SpaceshipSpawn.o engine/ecs/AnimationSystem.o engine/ecs/ArchetypeManager.o engine/ecs/BehaviorTreeSystem.o engine/ecs/ECSInspector.o engine/ecs/EntityManager.o engine/ecs/LocomotionSystem.o engine/ecs/MovementSystem.o engine/ecs/NavigationSystem.o engine/ecs/PhysicsSystem.o engine/ecs/PlayerControlSystem.o engine/ecs/ShieldSystem.o engine/ecs/ShipAssembly.o engine/ecs/ShipLogisticsSystem.o engine/ecs/SpaceshipPhysicsSystem.o engine/ecs/System.o engine/ecs/TransitionPlan.o engine/ecs/WeaponSystem.o engine/physics/BulletPhysicsEngine.o engine/physics/PhysXPhysicsEngine.o engine/physics/PhysicsEngine.o engine/ai/BehaviorTree.o engine/navigation/NavigationGridBuilder.o engine/gameplay/GameplayEventSystem.o engine/gameplay/MissionScriptSystem.o engine/graphics/InstancedMeshRenderer.o engine/graphics/LineBatcher3D.o engine/graphics/Material.o engine/graphics/MaterialLibrary.o engine/graphics/MeshSubmission.o engine/graphics/ParticleRenderer.o engine/graphics/PrimitiveMesh.o engine/graphics/ShaderManager.o engine/graphics/ShaderProgram.o engine/graphics/Skybox.o engine/graphics/SpriteMetadataBuffer.o engine/graphics/UIBatcher.o lib/glad/src/glad.o -LC:/msys64/mingw64/lib -lglfw3 -lopengl32 -lglu32 -lfreeglut -LC:/msys64/mingw64/lib -lfreetype
In file included from ./engine/ecs/Components.h:15,
                 from ./engine/ecs/EntityManager.h:17,
                 from ./engine/ecs/SystemSchedulerV2.h:2,
                 from ./engine/ecs/System.h:13,
                 from ./engine/ecs/AnimationSystem.h:3,
                 from tests/test_animation_system.cpp:1:
./engine/ecs/../CameraSystem.h: In member function 'void 
Camera::WorldToScreen(double, double, double, int, int, 
int&, int&) const':
./engine/ecs/../CameraSystem.h:83:53: warning: unused 
parameter 'wz' [-Wunused-parameter]
   83 |     void WorldToScreen(double wx, double wy, double 
wz, int screenW, int screenH, int &outX, int &outY) const {
      |                                              
~~~~~~~^~
./engine/ecs/../CameraSystem.h: In member function 'void 
Camera::ApplyToOpenGL() const':
./engine/ecs/../CameraSystem.h:99:16: warning: unused 
variable 'targetX' [-Wunused-variable]
   99 |         double targetX = x_ + cosYaw * cosPitch;
      |                ^~~~~~~
./engine/ecs/../CameraSystem.h:100:16: warning: unused 
variable 'targetY' [-Wunused-variable]
  100 |         double targetY = y_ + sinPitch;
      |                ^~~~~~~
./engine/ecs/../CameraSystem.h:101:16: warning: unused 
variable 'targetZ' [-Wunused-variable]
  101 |         double targetZ = z_ + sinYaw * cosPitch;
      |                ^~~~~~~
./engine/ecs/../CameraSystem.h: In member function 'void 
CameraFollowController::ApplyFreeCameraMovement(Camera&, 
const CameraFollow::CameraFollowInput&, const 
CameraMovementInput&, const 
CameraFollow::CameraFollowConfig&, double)':
./engine/ecs/../CameraSystem.h:525:18: warning: unused 
variable 'yaw' [-Wunused-variable]
  525 |     const double yaw   = camera.yaw();
      |                  ^~~
./engine/ecs/../CameraSystem.h:526:18: warning: unused 
variable 'pitch' [-Wunused-variable]
  526 |     const double pitch = camera.pitch();
      |                  ^~~~~
./engine/ecs/../CameraSystem.h:530:18: warning: unused 
variable 'fwdY' [-Wunused-variable]
  530 |     const double fwdY = basis.forwardY;
      |                  ^~~~
./engine/ecs/../CameraSystem.h:533:18: warning: unused 
variable 'rightY' [-Wunused-variable]
  533 |     const double rightY = basis.rightY;
      |                  ^~~~~~
./engine/ecs/../CameraSystem.h: In function 'void 
UpdateTargetLockCamera(Camera&, 
CameraFollow::CameraFollowState&, const 
CameraFollow::CameraFollowConfig&, const 
CameraFollow::CameraFollowInput&, double, 
physics::IPhysicsEngine*)':
./engine/ecs/../CameraSystem.h:1180:30: warning: unused 
variable 'oldNx' [-Wunused-variable]
 1180 |                 const double oldNx = nx, oldNy = ny, 
oldNz = nz;
      |                              ^~~~~
./engine/ecs/../CameraSystem.h:1180:42: warning: unused 
variable 'oldNy' [-Wunused-variable]
 1180 |                 const double oldNx = nx, oldNy = ny, 
oldNz = nz;
      |                                          ^~~~~
./engine/ecs/../CameraSystem.h:1180:54: warning: unused 
variable 'oldNz' [-Wunused-variable]
 1180 |                 const double oldNx = nx, oldNy = ny, 
oldNz = nz;
      |                                                      
^~~~~
./engine/ecs/../CameraSystem.h:1242:19: warning: variable 
'lastNx' set but not used [-Wunused-but-set-variable]
 1242 |     static double lastNx = 0.0, lastNy = 0.0, lastNz 
= 0.0;
      |                   ^~~~~~
./engine/ecs/../CameraSystem.h:1242:33: warning: variable 
'lastNy' set but not used [-Wunused-but-set-variable]
 1242 |     static double lastNx = 0.0, lastNy = 0.0, lastNz 
= 0.0;
      |                                 ^~~~~~
./engine/ecs/../CameraSystem.h:1242:47: warning: variable 
'lastNz' set but not used [-Wunused-but-set-variable]
 1242 |     static double lastNx = 0.0, lastNy = 0.0, lastNz 
= 0.0;
      |                                               ^~~~~~
g++ -std=c++17 -Wall -Wextra -D_USE_MATH_DEFINES -Ilib/glad/include -Iactors -I./engine -IC:/msys64/mingw64/include -DUSE_GLFW -IC:/msys64/mingw64/include/freetype2 -DUSE_FREETYPE -I./engine -o tests/test_weapon_targeting tests/test_weapon_targeting.cpp engine/ActorRegistry.o engine/AudioFeedbackSystem.o engine/AudioSystem.o engine/BootstrapConfiguration.o engine/CelestialBody.o engine/ComponentJsonLoader.o engine/DeterministicRandom.o engine/EnergyManagementSystem.o engine/EngineBootstrap.o engine/EngineStateMachine.o engine/FramePacingController.o engine/FrameScheduler.o engine/GamepadManager.o engine/HUDAlertSystem.o engine/Input.o engine/MainLoop.o engine/MainMenu.o engine/MenuSystem.o engine/Mesh.o engine/PostProcessPipeline.o engine/ReplaySystem.o engine/ResourceManager.o engine/SVGSurfaceLoader.o engine/SceneManager.o engine/SimpleJson.o engine/Simulation.o engine/SolarSystem.o engine/SolarSystemGenerator.o engine/TargetingSystem.o engine/TextRenderer.o engine/Transform.o engine/Utility.o engine/Viewport3D.o engine/VisualFeedbackSystem.o actors/Player.o actors/Spaceship.o actors/SpaceshipSpawn.o engine/ecs/AnimationSystem.o engine/ecs/ArchetypeManager.o engine/ecs/BehaviorTreeSystem.o engine/ecs/ECSInspector.o engine/ecs/EntityManager.o engine/ecs/LocomotionSystem.o engine/ecs/MovementSystem.o engine/ecs/NavigationSystem.o engine/ecs/PhysicsSystem.o engine/ecs/PlayerControlSystem.o engine/ecs/ShieldSystem.o engine/ecs/ShipAssembly.o engine/ecs/ShipLogisticsSystem.o engine/ecs/SpaceshipPhysicsSystem.o engine/ecs/System.o engine/ecs/TransitionPlan.o engine/ecs/WeaponSystem.o engine/physics/BulletPhysicsEngine.o engine/physics/PhysXPhysicsEngine.o engine/physics/PhysicsEngine.o engine/ai/BehaviorTree.o engine/navigation/NavigationGridBuilder.o engine/gameplay/GameplayEventSystem.o engine/gameplay/MissionScriptSystem.o engine/graphics/InstancedMeshRenderer.o engine/graphics/LineBatcher3D.o engine/graphics/Material.o engine/graphics/MaterialLibrary.o engine/graphics/MeshSubmission.o engine/graphics/ParticleRenderer.o engine/graphics/PrimitiveMesh.o engine/graphics/ShaderManager.o engine/graphics/ShaderProgram.o engine/graphics/Skybox.o engine/graphics/SpriteMetadataBuffer.o engine/graphics/UIBatcher.o lib/glad/src/glad.o -LC:/msys64/mingw64/lib -lglfw3 -lopengl32 -lglu32 -lfreeglut -LC:/msys64/mingw64/lib -lfreetype
In file included from ./engine/ecs/Components.h:15,
                 from ./engine/ecs/EntityManager.h:17,
                 from ./engine/ecs/SystemSchedulerV2.h:2,
                 from ./engine/ecs/System.h:13,
                 from tests/../engine/ecs/WeaponSystem.h:3,
                 from tests/../engine/WeaponSystem.h:3,
                 from tests/test_weapon_targeting.cpp:1:
./engine/ecs/../CameraSystem.h: In member function 'void 
Camera::WorldToScreen(double, double, double, int, int, 
int&, int&) const':
./engine/ecs/../CameraSystem.h:83:53: warning: unused 
parameter 'wz' [-Wunused-parameter]
   83 |     void WorldToScreen(double wx, double wy, double 
wz, int screenW, int screenH, int &outX, int &outY) const {
      |                                              
~~~~~~~^~
./engine/ecs/../CameraSystem.h: In member function 'void 
Camera::ApplyToOpenGL() const':
./engine/ecs/../CameraSystem.h:99:16: warning: unused 
variable 'targetX' [-Wunused-variable]
   99 |         double targetX = x_ + cosYaw * cosPitch;
      |                ^~~~~~~
./engine/ecs/../CameraSystem.h:100:16: warning: unused 
variable 'targetY' [-Wunused-variable]
  100 |         double targetY = y_ + sinPitch;
      |                ^~~~~~~
./engine/ecs/../CameraSystem.h:101:16: warning: unused 
variable 'targetZ' [-Wunused-variable]
  101 |         double targetZ = z_ + sinYaw * cosPitch;
      |                ^~~~~~~
./engine/ecs/../CameraSystem.h: In member function 'void 
CameraFollowController::ApplyFreeCameraMovement(Camera&, 
const CameraFollow::CameraFollowInput&, const 
CameraMovementInput&, const 
CameraFollow::CameraFollowConfig&, double)':
./engine/ecs/../CameraSystem.h:525:18: warning: unused 
variable 'yaw' [-Wunused-variable]
  525 |     const double yaw   = camera.yaw();
      |                  ^~~
./engine/ecs/../CameraSystem.h:526:18: warning: unused 
variable 'pitch' [-Wunused-variable]
  526 |     const double pitch = camera.pitch();
      |                  ^~~~~
./engine/ecs/../CameraSystem.h:530:18: warning: unused 
variable 'fwdY' [-Wunused-variable]
  530 |     const double fwdY = basis.forwardY;
      |                  ^~~~
./engine/ecs/../CameraSystem.h:533:18: warning: unused 
variable 'rightY' [-Wunused-variable]
  533 |     const double rightY = basis.rightY;
      |                  ^~~~~~
./engine/ecs/../CameraSystem.h: In function 'void 
UpdateTargetLockCamera(Camera&, 
CameraFollow::CameraFollowState&, const 
CameraFollow::CameraFollowConfig&, const 
CameraFollow::CameraFollowInput&, double, 
physics::IPhysicsEngine*)':
./engine/ecs/../CameraSystem.h:1180:30: warning: unused 
variable 'oldNx' [-Wunused-variable]
 1180 |                 const double oldNx = nx, oldNy = ny, 
oldNz = nz;
      |                              ^~~~~
./engine/ecs/../CameraSystem.h:1180:42: warning: unused 
variable 'oldNy' [-Wunused-variable]
 1180 |                 const double oldNx = nx, oldNy = ny, 
oldNz = nz;
      |                                          ^~~~~
./engine/ecs/../CameraSystem.h:1180:54: warning: unused 
variable 'oldNz' [-Wunused-variable]
 1180 |                 const double oldNx = nx, oldNy = ny, 
oldNz = nz;
      |                                                      
^~~~~
./engine/ecs/../CameraSystem.h:1242:19: warning: variable 
'lastNx' set but not used [-Wunused-but-set-variable]
 1242 |     static double lastNx = 0.0, lastNy = 0.0, lastNz 
= 0.0;
      |                   ^~~~~~
./engine/ecs/../CameraSystem.h:1242:33: warning: variable 
'lastNy' set but not used [-Wunused-but-set-variable]
 1242 |     static double lastNx = 0.0, lastNy = 0.0, lastNz 
= 0.0;
      |                                 ^~~~~~
./engine/ecs/../CameraSystem.h:1242:47: warning: variable 
'lastNz' set but not used [-Wunused-but-set-variable]
 1242 |     static double lastNx = 0.0, lastNy = 0.0, lastNz 
= 0.0;
      |                                               ^~~~~~
g++ -std=c++17 -Wall -Wextra -D_USE_MATH_DEFINES -Ilib/glad/include -Iactors -I./engine -IC:/msys64/mingw64/include -DUSE_GLFW -IC:/msys64/mingw64/include/freetype2 -DUSE_FREETYPE -I./engine -o tests/test_ship_battle_benchmark tests/test_ship_battle_benchmark.cpp engine/ActorRegistry.o engine/AudioFeedbackSystem.o engine/AudioSystem.o engine/BootstrapConfiguration.o engine/CelestialBody.o engine/ComponentJsonLoader.o engine/DeterministicRandom.o engine/EnergyManagementSystem.o engine/EngineBootstrap.o engine/EngineStateMachine.o engine/FramePacingController.o engine/FrameScheduler.o engine/GamepadManager.o engine/HUDAlertSystem.o engine/Input.o engine/MainLoop.o engine/MainMenu.o engine/MenuSystem.o engine/Mesh.o engine/PostProcessPipeline.o engine/ReplaySystem.o engine/ResourceManager.o engine/SVGSurfaceLoader.o engine/SceneManager.o engine/SimpleJson.o engine/Simulation.o engine/SolarSystem.o engine/SolarSystemGenerator.o engine/TargetingSystem.o engine/TextRenderer.o engine/Transform.o engine/Utility.o engine/Viewport3D.o engine/VisualFeedbackSystem.o actors/Player.o actors/Spaceship.o actors/SpaceshipSpawn.o engine/ecs/AnimationSystem.o engine/ecs/ArchetypeManager.o engine/ecs/BehaviorTreeSystem.o engine/ecs/ECSInspector.o engine/ecs/EntityManager.o engine/ecs/LocomotionSystem.o engine/ecs/MovementSystem.o engine/ecs/NavigationSystem.o engine/ecs/PhysicsSystem.o engine/ecs/PlayerControlSystem.o engine/ecs/ShieldSystem.o engine/ecs/ShipAssembly.o engine/ecs/ShipLogisticsSystem.o engine/ecs/SpaceshipPhysicsSystem.o engine/ecs/System.o engine/ecs/TransitionPlan.o engine/ecs/WeaponSystem.o engine/physics/BulletPhysicsEngine.o engine/physics/PhysXPhysicsEngine.o engine/physics/PhysicsEngine.o engine/ai/BehaviorTree.o engine/navigation/NavigationGridBuilder.o engine/gameplay/GameplayEventSystem.o engine/gameplay/MissionScriptSystem.o engine/graphics/InstancedMeshRenderer.o engine/graphics/LineBatcher3D.o engine/graphics/Material.o engine/graphics/MaterialLibrary.o engine/graphics/MeshSubmission.o engine/graphics/ParticleRenderer.o engine/graphics/PrimitiveMesh.o engine/graphics/ShaderManager.o engine/graphics/ShaderProgram.o engine/graphics/Skybox.o engine/graphics/SpriteMetadataBuffer.o engine/graphics/UIBatcher.o lib/glad/src/glad.o -LC:/msys64/mingw64/lib -lglfw3 -lopengl32 -lglu32 -lfreeglut -LC:/msys64/mingw64/lib -lfreetype
In file included from tests/../engine/ecs/Components.h:15,
                 from tests/../engine/ecs/EntityManager.h:17,
                 from tests/test_ship_battle_benchmark.cpp:1:
tests/../engine/ecs/../CameraSystem.h: In member function 
'void Camera::WorldToScreen(double, double, double, int, 
int, int&, int&) const':
tests/../engine/ecs/../CameraSystem.h:83:53: warning: unused 
parameter 'wz' [-Wunused-parameter]
   83 |     void WorldToScreen(double wx, double wy, double 
wz, int screenW, int screenH, int &outX, int &outY) const {
      |                                              
~~~~~~~^~
tests/../engine/ecs/../CameraSystem.h: In member function 
'void Camera::ApplyToOpenGL() const':
tests/../engine/ecs/../CameraSystem.h:99:16: warning: unused 
variable 'targetX' [-Wunused-variable]
   99 |         double targetX = x_ + cosYaw * cosPitch;
      |                ^~~~~~~
tests/../engine/ecs/../CameraSystem.h:100:16: warning: 
unused variable 'targetY' [-Wunused-variable]
  100 |         double targetY = y_ + sinPitch;
      |                ^~~~~~~
tests/../engine/ecs/../CameraSystem.h:101:16: warning: 
unused variable 'targetZ' [-Wunused-variable]
  101 |         double targetZ = z_ + sinYaw * cosPitch;
      |                ^~~~~~~
tests/../engine/ecs/../CameraSystem.h: In member function 
'void 
CameraFollowController::ApplyFreeCameraMovement(Camera&, 
const CameraFollow::CameraFollowInput&, const 
CameraMovementInput&, const 
CameraFollow::CameraFollowConfig&, double)':
tests/../engine/ecs/../CameraSystem.h:525:18: warning: 
unused variable 'yaw' [-Wunused-variable]
  525 |     const double yaw   = camera.yaw();
      |                  ^~~
tests/../engine/ecs/../CameraSystem.h:526:18: warning: 
unused variable 'pitch' [-Wunused-variable]
  526 |     const double pitch = camera.pitch();
      |                  ^~~~~
tests/../engine/ecs/../CameraSystem.h:530:18: warning: 
unused variable 'fwdY' [-Wunused-variable]
  530 |     const double fwdY = basis.forwardY;
      |                  ^~~~
tests/../engine/ecs/../CameraSystem.h:533:18: warning: 
unused variable 'rightY' [-Wunused-variable]
  533 |     const double rightY = basis.rightY;
      |                  ^~~~~~
tests/../engine/ecs/../CameraSystem.h: In function 'void 
UpdateTargetLockCamera(Camera&, 
CameraFollow::CameraFollowState&, const 
CameraFollow::CameraFollowConfig&, const 
CameraFollow::CameraFollowInput&, double, 
physics::IPhysicsEngine*)':
tests/../engine/ecs/../CameraSystem.h:1180:30: warning: 
unused variable 'oldNx' [-Wunused-variable]
 1180 |                 const double oldNx = nx, oldNy = ny, 
oldNz = nz;
      |                              ^~~~~
tests/../engine/ecs/../CameraSystem.h:1180:42: warning: 
unused variable 'oldNy' [-Wunused-variable]
 1180 |                 const double oldNx = nx, oldNy = ny, 
oldNz = nz;
      |                                          ^~~~~
tests/../engine/ecs/../CameraSystem.h:1180:54: warning: 
unused variable 'oldNz' [-Wunused-variable]
 1180 |                 const double oldNx = nx, oldNy = ny, 
oldNz = nz;
      |                                                      
^~~~~
tests/../engine/ecs/../CameraSystem.h:1242:19: warning: 
variable 'lastNx' set but not used 
[-Wunused-but-set-variable]
 1242 |     static double lastNx = 0.0, lastNy = 0.0, lastNz 
= 0.0;
      |                   ^~~~~~
tests/../engine/ecs/../CameraSystem.h:1242:33: warning: 
variable 'lastNy' set but not used 
[-Wunused-but-set-variable]
 1242 |     static double lastNx = 0.0, lastNy = 0.0, lastNz 
= 0.0;
      |                                 ^~~~~~
tests/../engine/ecs/../CameraSystem.h:1242:47: warning: 
variable 'lastNz' set but not used 
[-Wunused-but-set-variable]
 1242 |     static double lastNx = 0.0, lastNy = 0.0, lastNz 
= 0.0;
      |                                               ^~~~~~
g++ -std=c++17 -Wall -Wextra -D_USE_MATH_DEFINES -Ilib/glad/include -Iactors -I./engine -IC:/msys64/mingw64/include -DUSE_GLFW -IC:/msys64/mingw64/include/freetype2 -DUSE_FREETYPE -I./engine -o tests/test_ship_assembly_validation tests/test_ship_assembly_validation.cpp engine/ActorRegistry.o engine/AudioFeedbackSystem.o engine/AudioSystem.o engine/BootstrapConfiguration.o engine/CelestialBody.o engine/ComponentJsonLoader.o engine/DeterministicRandom.o engine/EnergyManagementSystem.o engine/EngineBootstrap.o engine/EngineStateMachine.o engine/FramePacingController.o engine/FrameScheduler.o engine/GamepadManager.o engine/HUDAlertSystem.o engine/Input.o engine/MainLoop.o engine/MainMenu.o engine/MenuSystem.o engine/Mesh.o engine/PostProcessPipeline.o engine/ReplaySystem.o engine/ResourceManager.o engine/SVGSurfaceLoader.o engine/SceneManager.o engine/SimpleJson.o engine/Simulation.o engine/SolarSystem.o engine/SolarSystemGenerator.o engine/TargetingSystem.o engine/TextRenderer.o engine/Transform.o engine/Utility.o engine/Viewport3D.o engine/VisualFeedbackSystem.o actors/Player.o actors/Spaceship.o actors/SpaceshipSpawn.o engine/ecs/AnimationSystem.o engine/ecs/ArchetypeManager.o engine/ecs/BehaviorTreeSystem.o engine/ecs/ECSInspector.o engine/ecs/EntityManager.o engine/ecs/LocomotionSystem.o engine/ecs/MovementSystem.o engine/ecs/NavigationSystem.o engine/ecs/PhysicsSystem.o engine/ecs/PlayerControlSystem.o engine/ecs/ShieldSystem.o engine/ecs/ShipAssembly.o engine/ecs/ShipLogisticsSystem.o engine/ecs/SpaceshipPhysicsSystem.o engine/ecs/System.o engine/ecs/TransitionPlan.o engine/ecs/WeaponSystem.o engine/physics/BulletPhysicsEngine.o engine/physics/PhysXPhysicsEngine.o engine/physics/PhysicsEngine.o engine/ai/BehaviorTree.o engine/navigation/NavigationGridBuilder.o engine/gameplay/GameplayEventSystem.o engine/gameplay/MissionScriptSystem.o engine/graphics/InstancedMeshRenderer.o engine/graphics/LineBatcher3D.o engine/graphics/Material.o engine/graphics/MaterialLibrary.o engine/graphics/MeshSubmission.o engine/graphics/ParticleRenderer.o engine/graphics/PrimitiveMesh.o engine/graphics/ShaderManager.o engine/graphics/ShaderProgram.o engine/graphics/Skybox.o engine/graphics/SpriteMetadataBuffer.o engine/graphics/UIBatcher.o lib/glad/src/glad.o -LC:/msys64/mingw64/lib -lglfw3 -lopengl32 -lglu32 -lfreeglut -LC:/msys64/mingw64/lib -lfreetype
g++ -std=c++17 -Wall -Wextra -D_USE_MATH_DEFINES -Ilib/glad/include -Iactors -I./engine -IC:/msys64/mingw64/include -DUSE_GLFW -IC:/msys64/mingw64/include/freetype2 -DUSE_FREETYPE -I./engine -o tests/test_subsystem_damage_stress tests/test_subsystem_damage_stress.cpp engine/ActorRegistry.o engine/AudioFeedbackSystem.o engine/AudioSystem.o engine/BootstrapConfiguration.o engine/CelestialBody.o engine/ComponentJsonLoader.o engine/DeterministicRandom.o engine/EnergyManagementSystem.o engine/EngineBootstrap.o engine/EngineStateMachine.o engine/FramePacingController.o engine/FrameScheduler.o engine/GamepadManager.o engine/HUDAlertSystem.o engine/Input.o engine/MainLoop.o engine/MainMenu.o engine/MenuSystem.o engine/Mesh.o engine/PostProcessPipeline.o engine/ReplaySystem.o engine/ResourceManager.o engine/SVGSurfaceLoader.o engine/SceneManager.o engine/SimpleJson.o engine/Simulation.o engine/SolarSystem.o engine/SolarSystemGenerator.o engine/TargetingSystem.o engine/TextRenderer.o engine/Transform.o engine/Utility.o engine/Viewport3D.o engine/VisualFeedbackSystem.o actors/Player.o actors/Spaceship.o actors/SpaceshipSpawn.o engine/ecs/AnimationSystem.o engine/ecs/ArchetypeManager.o engine/ecs/BehaviorTreeSystem.o engine/ecs/ECSInspector.o engine/ecs/EntityManager.o engine/ecs/LocomotionSystem.o engine/ecs/MovementSystem.o engine/ecs/NavigationSystem.o engine/ecs/PhysicsSystem.o engine/ecs/PlayerControlSystem.o engine/ecs/ShieldSystem.o engine/ecs/ShipAssembly.o engine/ecs/ShipLogisticsSystem.o engine/ecs/SpaceshipPhysicsSystem.o engine/ecs/System.o engine/ecs/TransitionPlan.o engine/ecs/WeaponSystem.o engine/physics/BulletPhysicsEngine.o engine/physics/PhysXPhysicsEngine.o engine/physics/PhysicsEngine.o engine/ai/BehaviorTree.o engine/navigation/NavigationGridBuilder.o engine/gameplay/GameplayEventSystem.o engine/gameplay/MissionScriptSystem.o engine/graphics/InstancedMeshRenderer.o engine/graphics/LineBatcher3D.o engine/graphics/Material.o engine/graphics/MaterialLibrary.o engine/graphics/MeshSubmission.o engine/graphics/ParticleRenderer.o engine/graphics/PrimitiveMesh.o engine/graphics/ShaderManager.o engine/graphics/ShaderProgram.o engine/graphics/Skybox.o engine/graphics/SpriteMetadataBuffer.o engine/graphics/UIBatcher.o lib/glad/src/glad.o -LC:/msys64/mingw64/lib -lglfw3 -lopengl32 -lglu32 -lfreeglut -LC:/msys64/mingw64/lib -lfreetype
In file included from ./engine/ecs/Components.h:15,
                 from ./engine/ecs/EntityManager.h:17,
                 from ./engine/ecs/SystemSchedulerV2.h:2,
                 from ./engine/ecs/System.h:13,
                 from tests/../engine/ecs/ShieldSystem.h:3,
                 from tests/../engine/ShieldSystem.h:3,
                 from 
tests/test_subsystem_damage_stress.cpp:1:
./engine/ecs/../CameraSystem.h: In member function 'void 
Camera::WorldToScreen(double, double, double, int, int, 
int&, int&) const':
./engine/ecs/../CameraSystem.h:83:53: warning: unused 
parameter 'wz' [-Wunused-parameter]
   83 |     void WorldToScreen(double wx, double wy, double 
wz, int screenW, int screenH, int &outX, int &outY) const {
      |                                              
~~~~~~~^~
./engine/ecs/../CameraSystem.h: In member function 'void 
Camera::ApplyToOpenGL() const':
./engine/ecs/../CameraSystem.h:99:16: warning: unused 
variable 'targetX' [-Wunused-variable]
   99 |         double targetX = x_ + cosYaw * cosPitch;
      |                ^~~~~~~
./engine/ecs/../CameraSystem.h:100:16: warning: unused 
variable 'targetY' [-Wunused-variable]
  100 |         double targetY = y_ + sinPitch;
      |                ^~~~~~~
./engine/ecs/../CameraSystem.h:101:16: warning: unused 
variable 'targetZ' [-Wunused-variable]
  101 |         double targetZ = z_ + sinYaw * cosPitch;
      |                ^~~~~~~
./engine/ecs/../CameraSystem.h: In member function 'void 
CameraFollowController::ApplyFreeCameraMovement(Camera&, 
const CameraFollow::CameraFollowInput&, const 
CameraMovementInput&, const 
CameraFollow::CameraFollowConfig&, double)':
./engine/ecs/../CameraSystem.h:525:18: warning: unused 
variable 'yaw' [-Wunused-variable]
  525 |     const double yaw   = camera.yaw();
      |                  ^~~
./engine/ecs/../CameraSystem.h:526:18: warning: unused 
variable 'pitch' [-Wunused-variable]
  526 |     const double pitch = camera.pitch();
      |                  ^~~~~
./engine/ecs/../CameraSystem.h:530:18: warning: unused 
variable 'fwdY' [-Wunused-variable]
  530 |     const double fwdY = basis.forwardY;
      |                  ^~~~
./engine/ecs/../CameraSystem.h:533:18: warning: unused 
variable 'rightY' [-Wunused-variable]
  533 |     const double rightY = basis.rightY;
      |                  ^~~~~~
./engine/ecs/../CameraSystem.h: In function 'void 
UpdateTargetLockCamera(Camera&, 
CameraFollow::CameraFollowState&, const 
CameraFollow::CameraFollowConfig&, const 
CameraFollow::CameraFollowInput&, double, 
physics::IPhysicsEngine*)':
./engine/ecs/../CameraSystem.h:1180:30: warning: unused 
variable 'oldNx' [-Wunused-variable]
 1180 |                 const double oldNx = nx, oldNy = ny, 
oldNz = nz;
      |                              ^~~~~
./engine/ecs/../CameraSystem.h:1180:42: warning: unused 
variable 'oldNy' [-Wunused-variable]
 1180 |                 const double oldNx = nx, oldNy = ny, 
oldNz = nz;
      |                                          ^~~~~
./engine/ecs/../CameraSystem.h:1180:54: warning: unused 
variable 'oldNz' [-Wunused-variable]
 1180 |                 const double oldNx = nx, oldNy = ny, 
oldNz = nz;
      |                                                      
^~~~~
./engine/ecs/../CameraSystem.h:1242:19: warning: variable 
'lastNx' set but not used [-Wunused-but-set-variable]
 1242 |     static double lastNx = 0.0, lastNy = 0.0, lastNz 
= 0.0;
      |                   ^~~~~~
./engine/ecs/../CameraSystem.h:1242:33: warning: variable 
'lastNy' set but not used [-Wunused-but-set-variable]
 1242 |     static double lastNx = 0.0, lastNy = 0.0, lastNz 
= 0.0;
      |                                 ^~~~~~
./engine/ecs/../CameraSystem.h:1242:47: warning: variable 
'lastNz' set but not used [-Wunused-but-set-variable]
 1242 |     static double lastNx = 0.0, lastNy = 0.0, lastNz 
= 0.0;
      |                                               ^~~~~~
g++ -std=c++17 -Wall -Wextra -D_USE_MATH_DEFINES -Ilib/glad/include -Iactors -I./engine -IC:/msys64/mingw64/include -DUSE_GLFW -IC:/msys64/mingw64/include/freetype2 -DUSE_FREETYPE -I./engine -o tests/test_frame_pacing_controller tests/test_frame_pacing_controller.cpp engine/FramePacingController.cpp -LC:/msys64/mingw64/lib -lglfw3 -lopengl32 -lglu32 -lfreeglut -LC:/msys64/mingw64/lib -lfreetype
g++ -std=c++17 -Wall -Wextra -D_USE_MATH_DEFINES -Ilib/glad/include -Iactors -I./engine -IC:/msys64/mingw64/include -DUSE_GLFW -IC:/msys64/mingw64/include/freetype2 -DUSE_FREETYPE -I./engine -o tests/test_system_manager tests/test_system_manager.cpp engine/ecs/System.cpp engine/ecs/EntityManager.cpp engine/ecs/ArchetypeManager.cpp engine/ecs/TransitionPlan.cpp -LC:/msys64/mingw64/lib -lglfw3 -lopengl32 -lglu32 -lfreeglut -LC:/msys64/mingw64/lib -lfreetype
In file included from tests/../engine/ecs/Components.h:15,
                 from tests/../engine/ecs/EntityManager.h:17,
                 from 
tests/../engine/ecs/SystemSchedulerV2.h:2,
                 from tests/../engine/ecs/System.h:13,
                 from tests/test_system_manager.cpp:1:
tests/../engine/ecs/../CameraSystem.h: In member function 
'void Camera::WorldToScreen(double, double, double, int, 
int, int&, int&) const':
tests/../engine/ecs/../CameraSystem.h:83:53: warning: unused 
parameter 'wz' [-Wunused-parameter]
   83 |     void WorldToScreen(double wx, double wy, double 
wz, int screenW, int screenH, int &outX, int &outY) const {
      |                                              
~~~~~~~^~
tests/../engine/ecs/../CameraSystem.h: In member function 
'void Camera::ApplyToOpenGL() const':
tests/../engine/ecs/../CameraSystem.h:99:16: warning: unused 
variable 'targetX' [-Wunused-variable]
   99 |         double targetX = x_ + cosYaw * cosPitch;
      |                ^~~~~~~
tests/../engine/ecs/../CameraSystem.h:100:16: warning: 
unused variable 'targetY' [-Wunused-variable]
  100 |         double targetY = y_ + sinPitch;
      |                ^~~~~~~
tests/../engine/ecs/../CameraSystem.h:101:16: warning: 
unused variable 'targetZ' [-Wunused-variable]
  101 |         double targetZ = z_ + sinYaw * cosPitch;
      |                ^~~~~~~
tests/../engine/ecs/../CameraSystem.h: In member function 
'void 
CameraFollowController::ApplyFreeCameraMovement(Camera&, 
const CameraFollow::CameraFollowInput&, const 
CameraMovementInput&, const 
CameraFollow::CameraFollowConfig&, double)':
tests/../engine/ecs/../CameraSystem.h:525:18: warning: 
unused variable 'yaw' [-Wunused-variable]
  525 |     const double yaw   = camera.yaw();
      |                  ^~~
tests/../engine/ecs/../CameraSystem.h:526:18: warning: 
unused variable 'pitch' [-Wunused-variable]
  526 |     const double pitch = camera.pitch();
      |                  ^~~~~
tests/../engine/ecs/../CameraSystem.h:530:18: warning: 
unused variable 'fwdY' [-Wunused-variable]
  530 |     const double fwdY = basis.forwardY;
      |                  ^~~~
tests/../engine/ecs/../CameraSystem.h:533:18: warning: 
unused variable 'rightY' [-Wunused-variable]
  533 |     const double rightY = basis.rightY;
      |                  ^~~~~~
tests/../engine/ecs/../CameraSystem.h: In function 'void 
UpdateTargetLockCamera(Camera&, 
CameraFollow::CameraFollowState&, const 
CameraFollow::CameraFollowConfig&, const 
CameraFollow::CameraFollowInput&, double, 
physics::IPhysicsEngine*)':
tests/../engine/ecs/../CameraSystem.h:1180:30: warning: 
unused variable 'oldNx' [-Wunused-variable]
 1180 |                 const double oldNx = nx, oldNy = ny, 
oldNz = nz;
      |                              ^~~~~
tests/../engine/ecs/../CameraSystem.h:1180:42: warning: 
unused variable 'oldNy' [-Wunused-variable]
 1180 |                 const double oldNx = nx, oldNy = ny, 
oldNz = nz;
      |                                          ^~~~~
tests/../engine/ecs/../CameraSystem.h:1180:54: warning: 
unused variable 'oldNz' [-Wunused-variable]
 1180 |                 const double oldNx = nx, oldNy = ny, 
oldNz = nz;
      |                                                      
^~~~~
tests/../engine/ecs/../CameraSystem.h:1242:19: warning: 
variable 'lastNx' set but not used 
[-Wunused-but-set-variable]
 1242 |     static double lastNx = 0.0, lastNy = 0.0, lastNz 
= 0.0;
      |                   ^~~~~~
tests/../engine/ecs/../CameraSystem.h:1242:33: warning: 
variable 'lastNy' set but not used 
[-Wunused-but-set-variable]
 1242 |     static double lastNx = 0.0, lastNy = 0.0, lastNz 
= 0.0;
      |                                 ^~~~~~
tests/../engine/ecs/../CameraSystem.h:1242:47: warning: 
variable 'lastNz' set but not used 
[-Wunused-but-set-variable]
 1242 |     static double lastNx = 0.0, lastNy = 0.0, lastNz 
= 0.0;
      |                                               ^~~~~~
tests/test_system_manager.cpp: In member function 'virtual 
void MockSystem::Update(EntityManager&, double)':
tests/test_system_manager.cpp:10:32: warning: unused 
parameter 'entityManager' [-Wunused-parameter]
   10 |     void Update(EntityManager& entityManager, double 
dt) override {
      |                 ~~~~~~~~~~~~~~~^~~~~~~~~~~~~
In file included from engine/ecs/Components.h:15,
                 from engine/ecs/EntityManager.h:17,
                 from engine/ecs/SystemSchedulerV2.h:2,
                 from engine/ecs/System.h:13,
                 from engine/ecs/System.cpp:1:
engine/ecs/../CameraSystem.h: In member function 'void 
Camera::WorldToScreen(double, double, double, int, int, 
int&, int&) const':
engine/ecs/../CameraSystem.h:83:53: warning: unused 
parameter 'wz' [-Wunused-parameter]
   83 |     void WorldToScreen(double wx, double wy, double 
wz, int screenW, int screenH, int &outX, int &outY) const {
      |                                              
~~~~~~~^~
engine/ecs/../CameraSystem.h: In member function 'void 
Camera::ApplyToOpenGL() const':
engine/ecs/../CameraSystem.h:99:16: warning: unused variable 
'targetX' [-Wunused-variable]
   99 |         double targetX = x_ + cosYaw * cosPitch;
      |                ^~~~~~~
engine/ecs/../CameraSystem.h:100:16: warning: unused 
variable 'targetY' [-Wunused-variable]
  100 |         double targetY = y_ + sinPitch;
      |                ^~~~~~~
engine/ecs/../CameraSystem.h:101:16: warning: unused 
variable 'targetZ' [-Wunused-variable]
  101 |         double targetZ = z_ + sinYaw * cosPitch;
      |                ^~~~~~~
engine/ecs/../CameraSystem.h: In member function 'void 
CameraFollowController::ApplyFreeCameraMovement(Camera&, 
const CameraFollow::CameraFollowInput&, const 
CameraMovementInput&, const 
CameraFollow::CameraFollowConfig&, double)':
engine/ecs/../CameraSystem.h:525:18: warning: unused 
variable 'yaw' [-Wunused-variable]
  525 |     const double yaw   = camera.yaw();
      |                  ^~~
engine/ecs/../CameraSystem.h:526:18: warning: unused 
variable 'pitch' [-Wunused-variable]
  526 |     const double pitch = camera.pitch();
      |                  ^~~~~
engine/ecs/../CameraSystem.h:530:18: warning: unused 
variable 'fwdY' [-Wunused-variable]
  530 |     const double fwdY = basis.forwardY;
      |                  ^~~~
engine/ecs/../CameraSystem.h:533:18: warning: unused 
variable 'rightY' [-Wunused-variable]
  533 |     const double rightY = basis.rightY;
      |                  ^~~~~~
engine/ecs/../CameraSystem.h: In function 'void 
UpdateTargetLockCamera(Camera&, 
CameraFollow::CameraFollowState&, const 
CameraFollow::CameraFollowConfig&, const 
CameraFollow::CameraFollowInput&, double, 
physics::IPhysicsEngine*)':
engine/ecs/../CameraSystem.h:1180:30: warning: unused 
variable 'oldNx' [-Wunused-variable]
 1180 |                 const double oldNx = nx, oldNy = ny, 
oldNz = nz;
      |                              ^~~~~
engine/ecs/../CameraSystem.h:1180:42: warning: unused 
variable 'oldNy' [-Wunused-variable]
 1180 |                 const double oldNx = nx, oldNy = ny, 
oldNz = nz;
      |                                          ^~~~~
engine/ecs/../CameraSystem.h:1180:54: warning: unused 
variable 'oldNz' [-Wunused-variable]
 1180 |                 const double oldNx = nx, oldNy = ny, 
oldNz = nz;
      |                                                      
^~~~~
engine/ecs/../CameraSystem.h:1242:19: warning: variable 
'lastNx' set but not used [-Wunused-but-set-variable]
 1242 |     static double lastNx = 0.0, lastNy = 0.0, lastNz 
= 0.0;
      |                   ^~~~~~
engine/ecs/../CameraSystem.h:1242:33: warning: variable 
'lastNy' set but not used [-Wunused-but-set-variable]
 1242 |     static double lastNx = 0.0, lastNy = 0.0, lastNz 
= 0.0;
      |                                 ^~~~~~
engine/ecs/../CameraSystem.h:1242:47: warning: variable 
'lastNz' set but not used [-Wunused-but-set-variable]
 1242 |     static double lastNx = 0.0, lastNy = 0.0, lastNz 
= 0.0;
      |                                               ^~~~~~
In file included from engine/ecs/Components.h:15,
                 from engine/ecs/EntityManager.h:17,
                 from engine/ecs/EntityManager.cpp:1:
engine/ecs/../CameraSystem.h: In member function 'void 
Camera::WorldToScreen(double, double, double, int, int, 
int&, int&) const':
engine/ecs/../CameraSystem.h:83:53: warning: unused 
parameter 'wz' [-Wunused-parameter]
   83 |     void WorldToScreen(double wx, double wy, double 
wz, int screenW, int screenH, int &outX, int &outY) const {
      |                                              
~~~~~~~^~
engine/ecs/../CameraSystem.h: In member function 'void 
Camera::ApplyToOpenGL() const':
engine/ecs/../CameraSystem.h:99:16: warning: unused variable 
'targetX' [-Wunused-variable]
   99 |         double targetX = x_ + cosYaw * cosPitch;
      |                ^~~~~~~
engine/ecs/../CameraSystem.h:100:16: warning: unused 
variable 'targetY' [-Wunused-variable]
  100 |         double targetY = y_ + sinPitch;
      |                ^~~~~~~
engine/ecs/../CameraSystem.h:101:16: warning: unused 
variable 'targetZ' [-Wunused-variable]
  101 |         double targetZ = z_ + sinYaw * cosPitch;
      |                ^~~~~~~
engine/ecs/../CameraSystem.h: In member function 'void 
CameraFollowController::ApplyFreeCameraMovement(Camera&, 
const CameraFollow::CameraFollowInput&, const 
CameraMovementInput&, const 
CameraFollow::CameraFollowConfig&, double)':
engine/ecs/../CameraSystem.h:525:18: warning: unused 
variable 'yaw' [-Wunused-variable]
  525 |     const double yaw   = camera.yaw();
      |                  ^~~
engine/ecs/../CameraSystem.h:526:18: warning: unused 
variable 'pitch' [-Wunused-variable]
  526 |     const double pitch = camera.pitch();
      |                  ^~~~~
engine/ecs/../CameraSystem.h:530:18: warning: unused 
variable 'fwdY' [-Wunused-variable]
  530 |     const double fwdY = basis.forwardY;
      |                  ^~~~
engine/ecs/../CameraSystem.h:533:18: warning: unused 
variable 'rightY' [-Wunused-variable]
  533 |     const double rightY = basis.rightY;
      |                  ^~~~~~
engine/ecs/../CameraSystem.h: In function 'void 
UpdateTargetLockCamera(Camera&, 
CameraFollow::CameraFollowState&, const 
CameraFollow::CameraFollowConfig&, const 
CameraFollow::CameraFollowInput&, double, 
physics::IPhysicsEngine*)':
engine/ecs/../CameraSystem.h:1180:30: warning: unused 
variable 'oldNx' [-Wunused-variable]
 1180 |                 const double oldNx = nx, oldNy = ny, 
oldNz = nz;
      |                              ^~~~~
engine/ecs/../CameraSystem.h:1180:42: warning: unused 
variable 'oldNy' [-Wunused-variable]
 1180 |                 const double oldNx = nx, oldNy = ny, 
oldNz = nz;
      |                                          ^~~~~
engine/ecs/../CameraSystem.h:1180:54: warning: unused 
variable 'oldNz' [-Wunused-variable]
 1180 |                 const double oldNx = nx, oldNy = ny, 
oldNz = nz;
      |                                                      
^~~~~
engine/ecs/../CameraSystem.h:1242:19: warning: variable 
'lastNx' set but not used [-Wunused-but-set-variable]
 1242 |     static double lastNx = 0.0, lastNy = 0.0, lastNz 
= 0.0;
      |                   ^~~~~~
engine/ecs/../CameraSystem.h:1242:33: warning: variable 
'lastNy' set but not used [-Wunused-but-set-variable]
 1242 |     static double lastNx = 0.0, lastNy = 0.0, lastNz 
= 0.0;
      |                                 ^~~~~~
engine/ecs/../CameraSystem.h:1242:47: warning: variable 
'lastNz' set but not used [-Wunused-but-set-variable]
 1242 |     static double lastNx = 0.0, lastNy = 0.0, lastNz 
= 0.0;
      |                                               ^~~~~~
In file included from engine/ecs/Components.h:15,
                 from engine/ecs/ArchetypeManager.cpp:2:
engine/ecs/../CameraSystem.h: In member function 'void 
Camera::WorldToScreen(double, double, double, int, int, 
int&, int&) const':
engine/ecs/../CameraSystem.h:83:53: warning: unused 
parameter 'wz' [-Wunused-parameter]
   83 |     void WorldToScreen(double wx, double wy, double 
wz, int screenW, int screenH, int &outX, int &outY) const {
      |                                              
~~~~~~~^~
engine/ecs/../CameraSystem.h: In member function 'void 
Camera::ApplyToOpenGL() const':
engine/ecs/../CameraSystem.h:99:16: warning: unused variable 
'targetX' [-Wunused-variable]
   99 |         double targetX = x_ + cosYaw * cosPitch;
      |                ^~~~~~~
engine/ecs/../CameraSystem.h:100:16: warning: unused 
variable 'targetY' [-Wunused-variable]
  100 |         double targetY = y_ + sinPitch;
      |                ^~~~~~~
engine/ecs/../CameraSystem.h:101:16: warning: unused 
variable 'targetZ' [-Wunused-variable]
  101 |         double targetZ = z_ + sinYaw * cosPitch;
      |                ^~~~~~~
engine/ecs/../CameraSystem.h: In member function 'void 
CameraFollowController::ApplyFreeCameraMovement(Camera&, 
const CameraFollow::CameraFollowInput&, const 
CameraMovementInput&, const 
CameraFollow::CameraFollowConfig&, double)':
engine/ecs/../CameraSystem.h:525:18: warning: unused 
variable 'yaw' [-Wunused-variable]
  525 |     const double yaw   = camera.yaw();
      |                  ^~~
engine/ecs/../CameraSystem.h:526:18: warning: unused 
variable 'pitch' [-Wunused-variable]
  526 |     const double pitch = camera.pitch();
      |                  ^~~~~
engine/ecs/../CameraSystem.h:530:18: warning: unused 
variable 'fwdY' [-Wunused-variable]
  530 |     const double fwdY = basis.forwardY;
      |                  ^~~~
engine/ecs/../CameraSystem.h:533:18: warning: unused 
variable 'rightY' [-Wunused-variable]
  533 |     const double rightY = basis.rightY;
      |                  ^~~~~~
engine/ecs/../CameraSystem.h: In function 'void 
UpdateTargetLockCamera(Camera&, 
CameraFollow::CameraFollowState&, const 
CameraFollow::CameraFollowConfig&, const 
CameraFollow::CameraFollowInput&, double, 
physics::IPhysicsEngine*)':
engine/ecs/../CameraSystem.h:1180:30: warning: unused 
variable 'oldNx' [-Wunused-variable]
 1180 |                 const double oldNx = nx, oldNy = ny, 
oldNz = nz;
      |                              ^~~~~
engine/ecs/../CameraSystem.h:1180:42: warning: unused 
variable 'oldNy' [-Wunused-variable]
 1180 |                 const double oldNx = nx, oldNy = ny, 
oldNz = nz;
      |                                          ^~~~~
engine/ecs/../CameraSystem.h:1180:54: warning: unused 
variable 'oldNz' [-Wunused-variable]
 1180 |                 const double oldNx = nx, oldNy = ny, 
oldNz = nz;
      |                                                      
^~~~~
engine/ecs/../CameraSystem.h:1242:19: warning: variable 
'lastNx' set but not used [-Wunused-but-set-variable]
 1242 |     static double lastNx = 0.0, lastNy = 0.0, lastNz 
= 0.0;
      |                   ^~~~~~
engine/ecs/../CameraSystem.h:1242:33: warning: variable 
'lastNy' set but not used [-Wunused-but-set-variable]
 1242 |     static double lastNx = 0.0, lastNy = 0.0, lastNz 
= 0.0;
      |                                 ^~~~~~
engine/ecs/../CameraSystem.h:1242:47: warning: variable 
'lastNz' set but not used [-Wunused-but-set-variable]
 1242 |     static double lastNx = 0.0, lastNy = 0.0, lastNz 
= 0.0;
      |                                               ^~~~~~
g++ -std=c++17 -Wall -Wextra -D_USE_MATH_DEFINES -Ilib/glad/include -Iactors -I./engine -IC:/msys64/mingw64/include -DUSE_GLFW -IC:/msys64/mingw64/include/freetype2 -DUSE_FREETYPE -I./engine -o tests/test_system_integration tests/test_system_integration.cpp engine/ecs/System.cpp engine/ecs/EntityManager.cpp engine/ecs/ArchetypeManager.cpp engine/ecs/TransitionPlan.cpp -LC:/msys64/mingw64/lib -lglfw3 -lopengl32 -lglu32 -lfreeglut -LC:/msys64/mingw64/lib -lfreetype
In file included from tests/../engine/ecs/Components.h:15,
                 from tests/../engine/ecs/EntityManager.h:17,
                 from 
tests/../engine/ecs/SystemSchedulerV2.h:2,
                 from tests/../engine/ecs/System.h:13,
                 from tests/test_system_integration.cpp:1:
tests/../engine/ecs/../CameraSystem.h: In member function 
'void Camera::WorldToScreen(double, double, double, int, 
int, int&, int&) const':
tests/../engine/ecs/../CameraSystem.h:83:53: warning: unused 
parameter 'wz' [-Wunused-parameter]
   83 |     void WorldToScreen(double wx, double wy, double 
wz, int screenW, int screenH, int &outX, int &outY) const {
      |                                              
~~~~~~~^~
tests/../engine/ecs/../CameraSystem.h: In member function 
'void Camera::ApplyToOpenGL() const':
tests/../engine/ecs/../CameraSystem.h:99:16: warning: unused 
variable 'targetX' [-Wunused-variable]
   99 |         double targetX = x_ + cosYaw * cosPitch;
      |                ^~~~~~~
tests/../engine/ecs/../CameraSystem.h:100:16: warning: 
unused variable 'targetY' [-Wunused-variable]
  100 |         double targetY = y_ + sinPitch;
      |                ^~~~~~~
tests/../engine/ecs/../CameraSystem.h:101:16: warning: 
unused variable 'targetZ' [-Wunused-variable]
  101 |         double targetZ = z_ + sinYaw * cosPitch;
      |                ^~~~~~~
tests/../engine/ecs/../CameraSystem.h: In member function 
'void 
CameraFollowController::ApplyFreeCameraMovement(Camera&, 
const CameraFollow::CameraFollowInput&, const 
CameraMovementInput&, const 
CameraFollow::CameraFollowConfig&, double)':
tests/../engine/ecs/../CameraSystem.h:525:18: warning: 
unused variable 'yaw' [-Wunused-variable]
  525 |     const double yaw   = camera.yaw();
      |                  ^~~
tests/../engine/ecs/../CameraSystem.h:526:18: warning: 
unused variable 'pitch' [-Wunused-variable]
  526 |     const double pitch = camera.pitch();
      |                  ^~~~~
tests/../engine/ecs/../CameraSystem.h:530:18: warning: 
unused variable 'fwdY' [-Wunused-variable]
  530 |     const double fwdY = basis.forwardY;
      |                  ^~~~
tests/../engine/ecs/../CameraSystem.h:533:18: warning: 
unused variable 'rightY' [-Wunused-variable]
  533 |     const double rightY = basis.rightY;
      |                  ^~~~~~
tests/../engine/ecs/../CameraSystem.h: In function 'void 
UpdateTargetLockCamera(Camera&, 
CameraFollow::CameraFollowState&, const 
CameraFollow::CameraFollowConfig&, const 
CameraFollow::CameraFollowInput&, double, 
physics::IPhysicsEngine*)':
tests/../engine/ecs/../CameraSystem.h:1180:30: warning: 
unused variable 'oldNx' [-Wunused-variable]
 1180 |                 const double oldNx = nx, oldNy = ny, 
oldNz = nz;
      |                              ^~~~~
tests/../engine/ecs/../CameraSystem.h:1180:42: warning: 
unused variable 'oldNy' [-Wunused-variable]
 1180 |                 const double oldNx = nx, oldNy = ny, 
oldNz = nz;
      |                                          ^~~~~
tests/../engine/ecs/../CameraSystem.h:1180:54: warning: 
unused variable 'oldNz' [-Wunused-variable]
 1180 |                 const double oldNx = nx, oldNy = ny, 
oldNz = nz;
      |                                                      
^~~~~
tests/../engine/ecs/../CameraSystem.h:1242:19: warning: 
variable 'lastNx' set but not used 
[-Wunused-but-set-variable]
 1242 |     static double lastNx = 0.0, lastNy = 0.0, lastNz 
= 0.0;
      |                   ^~~~~~
tests/../engine/ecs/../CameraSystem.h:1242:33: warning: 
variable 'lastNy' set but not used 
[-Wunused-but-set-variable]
 1242 |     static double lastNx = 0.0, lastNy = 0.0, lastNz 
= 0.0;
      |                                 ^~~~~~
tests/../engine/ecs/../CameraSystem.h:1242:47: warning: 
variable 'lastNz' set but not used 
[-Wunused-but-set-variable]
 1242 |     static double lastNx = 0.0, lastNy = 0.0, lastNz 
= 0.0;
      |                                               ^~~~~~
tests/test_system_integration.cpp: At global scope:
tests/test_system_integration.cpp:7:7: error: redefinition 
of 'class PhysicsSystem'
    7 | class PhysicsSystem : public System {
      |       ^~~~~~~~~~~~~
In file included from tests/../engine/ecs/System.h:155:
tests/../engine/ecs/PhysicsSystem.h:20:7: note: previous 
definition of 'class PhysicsSystem'
   20 | class PhysicsSystem : public System {
      |       ^~~~~~~~~~~~~
tests/test_system_integration.cpp: In member function 
'virtual void AISystem::Update(EntityManager&, double)':
tests/test_system_integration.cpp:21:23: error: 'class 
PhysicsSystem' has no member named 'updated'; did you mean 
'Update'?
   21 |         if (!physics_.updated) {
      |                       ^~~~~~~
      |                       Update
tests/test_system_integration.cpp:20:32: warning: unused 
parameter 'entityManager' [-Wunused-parameter]
   20 |     void Update(EntityManager& entityManager, double 
dt) override {
      |                 ~~~~~~~~~~~~~~~^~~~~~~~~~~~~
tests/test_system_integration.cpp:20:54: warning: unused 
parameter 'dt' [-Wunused-parameter]
   20 |     void Update(EntityManager& entityManager, double 
dt) override {
      |                                               
~~~~~~~^~
tests/test_system_integration.cpp: In member function 
'virtual void RenderSystem::Update(EntityManager&, double)':
tests/test_system_integration.cpp:40:23: error: 'class 
PhysicsSystem' has no member named 'updated'; did you mean 
'Update'?
   40 |         if (!physics_.updated || !ai_.updated) {
      |                       ^~~~~~~
      |                       Update
tests/test_system_integration.cpp:39:32: warning: unused 
parameter 'entityManager' [-Wunused-parameter]
   39 |     void Update(EntityManager& entityManager, double 
dt) override {
      |                 ~~~~~~~~~~~~~~~^~~~~~~~~~~~~
tests/test_system_integration.cpp:39:54: warning: unused 
parameter 'dt' [-Wunused-parameter]
   39 |     void Update(EntityManager& entityManager, double 
dt) override {
      |                                               
~~~~~~~^~
tests/test_system_integration.cpp: In function 'bool 
TestDependencyOrder()':
tests/test_system_integration.cpp:71:18: error: 'class 
PhysicsSystem' has no member named 'updated'; did you mean 
'Update'?
   71 |     if (!physics.updated || !ai.updated || 
!render.updated) {
      |                  ^~~~~~~
      |                  Update
tests/test_system_integration.cpp: In member function 
'virtual void 
TestComplexGraph()::AudioSystem::Update(EntityManager&, 
double)':
tests/test_system_integration.cpp:118:36: warning: unused 
parameter 'entityManager' [-Wunused-parameter]
  118 |         void Update(EntityManager& entityManager, 
double dt) override {
      |                     ~~~~~~~~~~~~~~~^~~~~~~~~~~~~
tests/test_system_integration.cpp:118:58: warning: unused 
parameter 'dt' [-Wunused-parameter]
  118 |         void Update(EntityManager& entityManager, 
double dt) override {
      |                                                   
~~~~~~~^~
tests/test_system_integration.cpp: In function 'bool 
TestComplexGraph()':
tests/test_system_integration.cpp:128:18: error: 'class 
PhysicsSystem' has no member named 'updated'; did you mean 
'Update'?
  128 |     if (!physics.updated || !ai.updated || 
!render.updated || !audio.updated) {
      |                  ^~~~~~~
      |                  Update
In file included from 
C:/msys64/mingw64/include/c++/15.2.0/memory:80,
                 from tests/../engine/ecs/System.h:4:
C:/msys64/mingw64/include/c++/15.2.0/bits/unique_ptr.h: In 
instantiation of 'std::__detail::__unique_ptr_t<_Tp> 
std::make_unique(_Args&& ...) [with _Tp = PhysicsSystem; 
_Args = {}; __detail::__unique_ptr_t<_Tp> = 
__detail::__unique_ptr_t<PhysicsSystem>]':
tests/../engine/ecs/System.h:48:53:   required from 'T& 
SystemManager::RegisterSystem(Args&& ...) [with T = 
PhysicsSystem; Args = {}]'
   48 |         registration->instance = 
std::make_unique<T>(std::forward<Args>(args)...);
      |                                  
~~~~~~~~~~~~~~~~~~~^~~~~~~~~~~~~~~~~~~~~~~~~~~~~
tests/test_system_integration.cpp:65:67:   required from here
   65 |     PhysicsSystem& physics = 
manager.RegisterSystem<PhysicsSystem>();
      |                              
~~~~~~~~~~~~~~~~~~~~~~~~~~~~~~~~~~~~~^~
C:/msys64/mingw64/include/c++/15.2.0/bits/unique_ptr.h:1085:3
0: error: no matching function for call to 
'PhysicsSystem::PhysicsSystem()'
 1085 |     { return unique_ptr<_Tp>(new 
_Tp(std::forward<_Args>(__args)...)); }
      |                              
^~~~~~~~~~~~~~~~~~~~~~~~~~~~~~~~~~~~~~~
C:/msys64/mingw64/include/c++/15.2.0/bits/unique_ptr.h:1085:3
0: note: there are 3 candidates
tests/../engine/ecs/PhysicsSystem.h:22:5: note: candidate 1: 
'PhysicsSystem::PhysicsSystem(EntityManager*)'
   22 |     PhysicsSystem(EntityManager* em);
      |     ^~~~~~~~~~~~~
tests/../engine/ecs/PhysicsSystem.h:22:5: note: candidate 
expects 1 argument, 0 provided
tests/../engine/ecs/PhysicsSystem.h:20:7: note: candidate 2: 
'PhysicsSystem::PhysicsSystem(const PhysicsSystem&)'
   20 | class PhysicsSystem : public System {
      |       ^~~~~~~~~~~~~
tests/../engine/ecs/PhysicsSystem.h:20:7: note: candidate 
expects 1 argument, 0 provided
tests/../engine/ecs/PhysicsSystem.h:20:7: note: candidate 3: 
'PhysicsSystem::PhysicsSystem(PhysicsSystem&&)'
tests/../engine/ecs/PhysicsSystem.h:20:7: note: candidate 
expects 1 argument, 0 provided
In file included from engine/ecs/Components.h:15,
                 from engine/ecs/EntityManager.h:17,
                 from engine/ecs/SystemSchedulerV2.h:2,
                 from engine/ecs/System.h:13,
                 from engine/ecs/System.cpp:1:
engine/ecs/../CameraSystem.h: In member function 'void 
Camera::WorldToScreen(double, double, double, int, int, 
int&, int&) const':
engine/ecs/../CameraSystem.h:83:53: warning: unused 
parameter 'wz' [-Wunused-parameter]
   83 |     void WorldToScreen(double wx, double wy, double 
wz, int screenW, int screenH, int &outX, int &outY) const {
      |                                              
~~~~~~~^~
engine/ecs/../CameraSystem.h: In member function 'void 
Camera::ApplyToOpenGL() const':
engine/ecs/../CameraSystem.h:99:16: warning: unused variable 
'targetX' [-Wunused-variable]
   99 |         double targetX = x_ + cosYaw * cosPitch;
      |                ^~~~~~~
engine/ecs/../CameraSystem.h:100:16: warning: unused 
variable 'targetY' [-Wunused-variable]
  100 |         double targetY = y_ + sinPitch;
      |                ^~~~~~~
engine/ecs/../CameraSystem.h:101:16: warning: unused 
variable 'targetZ' [-Wunused-variable]
  101 |         double targetZ = z_ + sinYaw * cosPitch;
      |                ^~~~~~~
engine/ecs/../CameraSystem.h: In member function 'void 
CameraFollowController::ApplyFreeCameraMovement(Camera&, 
const CameraFollow::CameraFollowInput&, const 
CameraMovementInput&, const 
CameraFollow::CameraFollowConfig&, double)':
engine/ecs/../CameraSystem.h:525:18: warning: unused 
variable 'yaw' [-Wunused-variable]
  525 |     const double yaw   = camera.yaw();
      |                  ^~~
engine/ecs/../CameraSystem.h:526:18: warning: unused 
variable 'pitch' [-Wunused-variable]
  526 |     const double pitch = camera.pitch();
      |                  ^~~~~
engine/ecs/../CameraSystem.h:530:18: warning: unused 
variable 'fwdY' [-Wunused-variable]
  530 |     const double fwdY = basis.forwardY;
      |                  ^~~~
engine/ecs/../CameraSystem.h:533:18: warning: unused 
variable 'rightY' [-Wunused-variable]
  533 |     const double rightY = basis.rightY;
      |                  ^~~~~~
engine/ecs/../CameraSystem.h: In function 'void 
UpdateTargetLockCamera(Camera&, 
CameraFollow::CameraFollowState&, const 
CameraFollow::CameraFollowConfig&, const 
CameraFollow::CameraFollowInput&, double, 
physics::IPhysicsEngine*)':
engine/ecs/../CameraSystem.h:1180:30: warning: unused 
variable 'oldNx' [-Wunused-variable]
 1180 |                 const double oldNx = nx, oldNy = ny, 
oldNz = nz;
      |                              ^~~~~
engine/ecs/../CameraSystem.h:1180:42: warning: unused 
variable 'oldNy' [-Wunused-variable]
 1180 |                 const double oldNx = nx, oldNy = ny, 
oldNz = nz;
      |                                          ^~~~~
engine/ecs/../CameraSystem.h:1180:54: warning: unused 
variable 'oldNz' [-Wunused-variable]
 1180 |                 const double oldNx = nx, oldNy = ny, 
oldNz = nz;
      |                                                      
^~~~~
engine/ecs/../CameraSystem.h:1242:19: warning: variable 
'lastNx' set but not used [-Wunused-but-set-variable]
 1242 |     static double lastNx = 0.0, lastNy = 0.0, lastNz 
= 0.0;
      |                   ^~~~~~
engine/ecs/../CameraSystem.h:1242:33: warning: variable 
'lastNy' set but not used [-Wunused-but-set-variable]
 1242 |     static double lastNx = 0.0, lastNy = 0.0, lastNz 
= 0.0;
      |                                 ^~~~~~
engine/ecs/../CameraSystem.h:1242:47: warning: variable 
'lastNz' set but not used [-Wunused-but-set-variable]
 1242 |     static double lastNx = 0.0, lastNy = 0.0, lastNz 
= 0.0;
      |                                               ^~~~~~
In file included from engine/ecs/Components.h:15,
                 from engine/ecs/EntityManager.h:17,
                 from engine/ecs/EntityManager.cpp:1:
engine/ecs/../CameraSystem.h: In member function 'void 
Camera::WorldToScreen(double, double, double, int, int, 
int&, int&) const':
engine/ecs/../CameraSystem.h:83:53: warning: unused 
parameter 'wz' [-Wunused-parameter]
   83 |     void WorldToScreen(double wx, double wy, double 
wz, int screenW, int screenH, int &outX, int &outY) const {
      |                                              
~~~~~~~^~
engine/ecs/../CameraSystem.h: In member function 'void 
Camera::ApplyToOpenGL() const':
engine/ecs/../CameraSystem.h:99:16: warning: unused variable 
'targetX' [-Wunused-variable]
   99 |         double targetX = x_ + cosYaw * cosPitch;
      |                ^~~~~~~
engine/ecs/../CameraSystem.h:100:16: warning: unused 
variable 'targetY' [-Wunused-variable]
  100 |         double targetY = y_ + sinPitch;
      |                ^~~~~~~
engine/ecs/../CameraSystem.h:101:16: warning: unused 
variable 'targetZ' [-Wunused-variable]
  101 |         double targetZ = z_ + sinYaw * cosPitch;
      |                ^~~~~~~
engine/ecs/../CameraSystem.h: In member function 'void 
CameraFollowController::ApplyFreeCameraMovement(Camera&, 
const CameraFollow::CameraFollowInput&, const 
CameraMovementInput&, const 
CameraFollow::CameraFollowConfig&, double)':
engine/ecs/../CameraSystem.h:525:18: warning: unused 
variable 'yaw' [-Wunused-variable]
  525 |     const double yaw   = camera.yaw();
      |                  ^~~
engine/ecs/../CameraSystem.h:526:18: warning: unused 
variable 'pitch' [-Wunused-variable]
  526 |     const double pitch = camera.pitch();
      |                  ^~~~~
engine/ecs/../CameraSystem.h:530:18: warning: unused 
variable 'fwdY' [-Wunused-variable]
  530 |     const double fwdY = basis.forwardY;
      |                  ^~~~
engine/ecs/../CameraSystem.h:533:18: warning: unused 
variable 'rightY' [-Wunused-variable]
  533 |     const double rightY = basis.rightY;
      |                  ^~~~~~
engine/ecs/../CameraSystem.h: In function 'void 
UpdateTargetLockCamera(Camera&, 
CameraFollow::CameraFollowState&, const 
CameraFollow::CameraFollowConfig&, const 
CameraFollow::CameraFollowInput&, double, 
physics::IPhysicsEngine*)':
engine/ecs/../CameraSystem.h:1180:30: warning: unused 
variable 'oldNx' [-Wunused-variable]
 1180 |                 const double oldNx = nx, oldNy = ny, 
oldNz = nz;
      |                              ^~~~~
engine/ecs/../CameraSystem.h:1180:42: warning: unused 
variable 'oldNy' [-Wunused-variable]
 1180 |                 const double oldNx = nx, oldNy = ny, 
oldNz = nz;
      |                                          ^~~~~
engine/ecs/../CameraSystem.h:1180:54: warning: unused 
variable 'oldNz' [-Wunused-variable]
 1180 |                 const double oldNx = nx, oldNy = ny, 
oldNz = nz;
      |                                                      
^~~~~
engine/ecs/../CameraSystem.h:1242:19: warning: variable 
'lastNx' set but not used [-Wunused-but-set-variable]
 1242 |     static double lastNx = 0.0, lastNy = 0.0, lastNz 
= 0.0;
      |                   ^~~~~~
engine/ecs/../CameraSystem.h:1242:33: warning: variable 
'lastNy' set but not used [-Wunused-but-set-variable]
 1242 |     static double lastNx = 0.0, lastNy = 0.0, lastNz 
= 0.0;
      |                                 ^~~~~~
engine/ecs/../CameraSystem.h:1242:47: warning: variable 
'lastNz' set but not used [-Wunused-but-set-variable]
 1242 |     static double lastNx = 0.0, lastNy = 0.0, lastNz 
= 0.0;
      |                                               ^~~~~~
In file included from engine/ecs/Components.h:15,
                 from engine/ecs/ArchetypeManager.cpp:2:
engine/ecs/../CameraSystem.h: In member function 'void 
Camera::WorldToScreen(double, double, double, int, int, 
int&, int&) const':
engine/ecs/../CameraSystem.h:83:53: warning: unused 
parameter 'wz' [-Wunused-parameter]
   83 |     void WorldToScreen(double wx, double wy, double 
wz, int screenW, int screenH, int &outX, int &outY) const {
      |                                              
~~~~~~~^~
engine/ecs/../CameraSystem.h: In member function 'void 
Camera::ApplyToOpenGL() const':
engine/ecs/../CameraSystem.h:99:16: warning: unused variable 
'targetX' [-Wunused-variable]
   99 |         double targetX = x_ + cosYaw * cosPitch;
      |                ^~~~~~~
engine/ecs/../CameraSystem.h:100:16: warning: unused 
variable 'targetY' [-Wunused-variable]
  100 |         double targetY = y_ + sinPitch;
      |                ^~~~~~~
engine/ecs/../CameraSystem.h:101:16: warning: unused 
variable 'targetZ' [-Wunused-variable]
  101 |         double targetZ = z_ + sinYaw * cosPitch;
      |                ^~~~~~~
engine/ecs/../CameraSystem.h: In member function 'void 
CameraFollowController::ApplyFreeCameraMovement(Camera&, 
const CameraFollow::CameraFollowInput&, const 
CameraMovementInput&, const 
CameraFollow::CameraFollowConfig&, double)':
engine/ecs/../CameraSystem.h:525:18: warning: unused 
variable 'yaw' [-Wunused-variable]
  525 |     const double yaw   = camera.yaw();
      |                  ^~~
engine/ecs/../CameraSystem.h:526:18: warning: unused 
variable 'pitch' [-Wunused-variable]
  526 |     const double pitch = camera.pitch();
      |                  ^~~~~
engine/ecs/../CameraSystem.h:530:18: warning: unused 
variable 'fwdY' [-Wunused-variable]
  530 |     const double fwdY = basis.forwardY;
      |                  ^~~~
engine/ecs/../CameraSystem.h:533:18: warning: unused 
variable 'rightY' [-Wunused-variable]
  533 |     const double rightY = basis.rightY;
      |                  ^~~~~~
engine/ecs/../CameraSystem.h: In function 'void 
UpdateTargetLockCamera(Camera&, 
CameraFollow::CameraFollowState&, const 
CameraFollow::CameraFollowConfig&, const 
CameraFollow::CameraFollowInput&, double, 
physics::IPhysicsEngine*)':
engine/ecs/../CameraSystem.h:1180:30: warning: unused 
variable 'oldNx' [-Wunused-variable]
 1180 |                 const double oldNx = nx, oldNy = ny, 
oldNz = nz;
      |                              ^~~~~
engine/ecs/../CameraSystem.h:1180:42: warning: unused 
variable 'oldNy' [-Wunused-variable]
 1180 |                 const double oldNx = nx, oldNy = ny, 
oldNz = nz;
      |                                          ^~~~~
engine/ecs/../CameraSystem.h:1180:54: warning: unused 
variable 'oldNz' [-Wunused-variable]
 1180 |                 const double oldNx = nx, oldNy = ny, 
oldNz = nz;
      |                                                      
^~~~~
engine/ecs/../CameraSystem.h:1242:19: warning: variable 
'lastNx' set but not used [-Wunused-but-set-variable]
 1242 |     static double lastNx = 0.0, lastNy = 0.0, lastNz 
= 0.0;
      |                   ^~~~~~
engine/ecs/../CameraSystem.h:1242:33: warning: variable 
'lastNy' set but not used [-Wunused-but-set-variable]
 1242 |     static double lastNx = 0.0, lastNy = 0.0, lastNz 
= 0.0;
      |                                 ^~~~~~
engine/ecs/../CameraSystem.h:1242:47: warning: variable 
'lastNz' set but not used [-Wunused-but-set-variable]
 1242 |     static double lastNx = 0.0, lastNy = 0.0, lastNz 
= 0.0;
      |                                               ^~~~~~
make: *** [Makefile:216: tests/test_system_integration] 
Error 1
